02-01 15:10:19.312   642   642 E SurfaceFlinger: Attempt to update InputPolicyFlags without permission ACCESS_SURFACE_FLINGER
02-01 15:10:19.344 17111 17225 E SensorService: BigData:Pakage) 5 already disabled. 
02-01 15:10:19.362   642   642 E SurfaceFlinger: Attempt to update InputPolicyFlags without permission ACCESS_SURFACE_FLINGER
02-01 15:10:19.396   642   642 E SurfaceFlinger: Attempt to update InputPolicyFlags without permission ACCESS_SURFACE_FLINGER
02-01 15:10:19.429   642   642 E SurfaceFlinger: Attempt to update InputPolicyFlags without permission ACCESS_SURFACE_FLINGER
02-01 15:10:19.479   642   642 E SurfaceFlinger: Attempt to update InputPolicyFlags without permission ACCESS_SURFACE_FLINGER
02-01 15:10:19.512   642   642 E SurfaceFlinger: Attempt to update InputPolicyFlags without permission ACCESS_SURFACE_FLINGER
02-01 15:10:19.562   642   642 E SurfaceFlinger: Attempt to update InputPolicyFlags without permission ACCESS_SURFACE_FLINGER
02-01 15:10:19.596   642   642 E SurfaceFlinger: Attempt to update InputPolicyFlags without permission ACCESS_SURFACE_FLINGER
02-01 15:10:19.630   642   642 E SurfaceFlinger: Attempt to update InputPolicyFlags without permission ACCESS_SURFACE_FLINGER
02-01 15:10:19.679   642   642 E SurfaceFlinger: Attempt to update InputPolicyFlags without permission ACCESS_SURFACE_FLINGER
02-01 15:10:19.712   642   642 E SurfaceFlinger: Attempt to update InputPolicyFlags without permission ACCESS_SURFACE_FLINGER
02-01 15:10:19.763   642   642 E SurfaceFlinger: Attempt to update InputPolicyFlags without permission ACCESS_SURFACE_FLINGER
02-01 15:10:19.796   642   642 E SurfaceFlinger: Attempt to update InputPolicyFlags without permission ACCESS_SURFACE_FLINGER
02-01 15:10:19.829   642   642 E SurfaceFlinger: Attempt to update InputPolicyFlags without permission ACCESS_SURFACE_FLINGER
02-01 15:10:19.880   642   642 E SurfaceFlinger: Attempt to update InputPolicyFlags without permission ACCESS_SURFACE_FLINGER
02-01 15:10:19.913   642   642 E SurfaceFlinger: Attempt to update InputPolicyFlags without permission ACCESS_SURFACE_FLINGER
02-01 15:10:19.963   642   642 E SurfaceFlinger: Attempt to update InputPolicyFlags without permission ACCESS_SURFACE_FLINGER
02-01 15:10:19.996   642   642 E SurfaceFlinger: Attempt to update InputPolicyFlags without permission ACCESS_SURFACE_FLINGER
02-01 15:10:20.030   642   642 E SurfaceFlinger: Attempt to update InputPolicyFlags without permission ACCESS_SURFACE_FLINGER
02-01 15:10:20.080   642   642 E SurfaceFlinger: Attempt to update InputPolicyFlags without permission ACCESS_SURFACE_FLINGER
02-01 15:10:20.113   642   642 E SurfaceFlinger: Attempt to update InputPolicyFlags without permission ACCESS_SURFACE_FLINGER
02-01 15:10:20.163   642   642 E SurfaceFlinger: Attempt to update InputPolicyFlags without permission ACCESS_SURFACE_FLINGER
02-01 15:10:20.197   642   642 E SurfaceFlinger: Attempt to update InputPolicyFlags without permission ACCESS_SURFACE_FLINGER
02-01 15:10:20.230   642   642 E SurfaceFlinger: Attempt to update InputPolicyFlags without permission ACCESS_SURFACE_FLINGER
02-01 15:10:20.280   642   642 E SurfaceFlinger: Attempt to update InputPolicyFlags without permission ACCESS_SURFACE_FLINGER
02-01 15:10:20.316   642   642 E SurfaceFlinger: Attempt to update InputPolicyFlags without permission ACCESS_SURFACE_FLINGER
02-01 15:10:20.363   642   642 E SurfaceFlinger: Attempt to update InputPolicyFlags without permission ACCESS_SURFACE_FLINGER
02-01 15:10:20.397   642   642 E SurfaceFlinger: Attempt to update InputPolicyFlags without permission ACCESS_SURFACE_FLINGER
02-01 15:10:20.430   642   642 E SurfaceFlinger: Attempt to update InputPolicyFlags without permission ACCESS_SURFACE_FLINGER
02-01 15:10:20.480   642   642 E SurfaceFlinger: Attempt to update InputPolicyFlags without permission ACCESS_SURFACE_FLINGER
02-01 15:10:20.516   642   642 E SurfaceFlinger: Attempt to update InputPolicyFlags without permission ACCESS_SURFACE_FLINGER
02-01 15:10:20.563   642   642 E SurfaceFlinger: Attempt to update InputPolicyFlags without permission ACCESS_SURFACE_FLINGER
02-01 15:10:20.597   642   642 E SurfaceFlinger: Attempt to update InputPolicyFlags without permission ACCESS_SURFACE_FLINGER
02-01 15:10:20.630   642   642 E SurfaceFlinger: Attempt to update InputPolicyFlags without permission ACCESS_SURFACE_FLINGER
02-01 15:10:20.680   642   642 E SurfaceFlinger: Attempt to update InputPolicyFlags without permission ACCESS_SURFACE_FLINGER
02-01 15:10:20.718   642   642 E SurfaceFlinger: Attempt to update InputPolicyFlags without permission ACCESS_SURFACE_FLINGER
02-01 15:10:20.763   642   642 E SurfaceFlinger: Attempt to update InputPolicyFlags without permission ACCESS_SURFACE_FLINGER
02-01 15:10:20.797   642   642 E SurfaceFlinger: Attempt to update InputPolicyFlags without permission ACCESS_SURFACE_FLINGER
02-01 15:10:20.831   642   642 E SurfaceFlinger: Attempt to update InputPolicyFlags without permission ACCESS_SURFACE_FLINGER
02-01 15:10:20.881   642   642 E SurfaceFlinger: Attempt to update InputPolicyFlags without permission ACCESS_SURFACE_FLINGER
02-01 15:10:20.914   642   642 E SurfaceFlinger: Attempt to update InputPolicyFlags without permission ACCESS_SURFACE_FLINGER
02-01 15:10:20.964   642   642 E SurfaceFlinger: Attempt to update InputPolicyFlags without permission ACCESS_SURFACE_FLINGER
02-01 15:10:20.997   642   642 E SurfaceFlinger: Attempt to update InputPolicyFlags without permission ACCESS_SURFACE_FLINGER
02-01 15:10:21.030   642   642 E SurfaceFlinger: Attempt to update InputPolicyFlags without permission ACCESS_SURFACE_FLINGER
02-01 15:10:21.081   642   642 E SurfaceFlinger: Attempt to update InputPolicyFlags without permission ACCESS_SURFACE_FLINGER
02-01 15:10:21.114   642   642 E SurfaceFlinger: Attempt to update InputPolicyFlags without permission ACCESS_SURFACE_FLINGER
02-01 15:10:21.164   642   642 E SurfaceFlinger: Attempt to update InputPolicyFlags without permission ACCESS_SURFACE_FLINGER
02-01 15:10:21.198   642   642 E SurfaceFlinger: Attempt to update InputPolicyFlags without permission ACCESS_SURFACE_FLINGER
02-01 15:10:21.202 17204 17204 E android.hardware.health@2.1-service-samsung: Could not open /sys/class/power_supply/battery/lrp
02-01 15:10:21.223 17438 30221 E PowerUI.Notification: no saved value, so we do nothing !!
02-01 15:10:21.231   642   642 E SurfaceFlinger: Attempt to update InputPolicyFlags without permission ACCESS_SURFACE_FLINGER
02-01 15:10:21.246 17438 17438 E IndicatorGardenAlgorithmBasicCutout: NOT MATCH !!!! resourceHeight:114, cutoutHeight:113 ([IndicatorGardenInputProperty]  Rotation(0-0,90-1,180-2,270-3)0, Density:3.5, ScreenWidthSize:1440, CoverSidePadding:0, mIndicatorGardenCenterOffset:15, mCameraCutoutCropSize:0, mGardenPaddingStart:28, mIndicatorCornerPadding:72, mCameraSidePadding:36, mCameraTopMargin:23, DpCutout:DisplayCutout{insets=Rect(0, 113 - 0, 0) waterfall=Insets{left=0, top=0, right=0, bottom=0} boundingRect={Bounds=[Rect(0, 0 - 0, 0), Rect(675, 0 - 765, 113), Rect(0, 0 - 0, 0), Rect(0, 0 - 0, 0)]} cutoutPathParserInfo={CutoutPathParserInfo{displayWidth=1440 displayHeight=3040 density={3.5} cutoutSpec={M 0,0 H -12.85714285714286 V 32.28571428571429 H 12.85714285714286 V 0 H 0 Z @dp} rotation={0} scale={1.0}}}}) 
02-01 15:10:21.246 17438 17438 E IndicatorGardenAlgorithmBasicCutout: NOT MATCH !!!! resourceHeight:114, cutoutHeight:113 ([IndicatorGardenInputProperty]  Rotation(0-0,90-1,180-2,270-3)0, Density:3.5, ScreenWidthSize:1440, CoverSidePadding:0, mIndicatorGardenCenterOffset:15, mCameraCutoutCropSize:0, mGardenPaddingStart:28, mIndicatorCornerPadding:72, mCameraSidePadding:36, mCameraTopMargin:23, DpCutout:DisplayCutout{insets=Rect(0, 113 - 0, 0) waterfall=Insets{left=0, top=0, right=0, bottom=0} boundingRect={Bounds=[Rect(0, 0 - 0, 0), Rect(675, 0 - 765, 113), Rect(0, 0 - 0, 0), Rect(0, 0 - 0, 0)]} cutoutPathParserInfo={CutoutPathParserInfo{displayWidth=1440 displayHeight=3040 density={3.5} cutoutSpec={M 0,0 H -12.85714285714286 V 32.28571428571429 H 12.85714285714286 V 0 H 0 Z @dp} rotation={0} scale={1.0}}}}) 
02-01 15:10:21.281   642   642 E SurfaceFlinger: Attempt to update InputPolicyFlags without permission ACCESS_SURFACE_FLINGER
02-01 15:10:21.314   642   642 E SurfaceFlinger: Attempt to update InputPolicyFlags without permission ACCESS_SURFACE_FLINGER
02-01 15:10:21.364   642   642 E SurfaceFlinger: Attempt to update InputPolicyFlags without permission ACCESS_SURFACE_FLINGER
02-01 15:10:21.398   642   642 E SurfaceFlinger: Attempt to update InputPolicyFlags without permission ACCESS_SURFACE_FLINGER
02-01 15:10:21.431   642   642 E SurfaceFlinger: Attempt to update InputPolicyFlags without permission ACCESS_SURFACE_FLINGER
02-01 15:10:21.481   642   642 E SurfaceFlinger: Attempt to update InputPolicyFlags without permission ACCESS_SURFACE_FLINGER
02-01 15:10:21.514   642   642 E SurfaceFlinger: Attempt to update InputPolicyFlags without permission ACCESS_SURFACE_FLINGER
02-01 15:10:21.565   642   642 E SurfaceFlinger: Attempt to update InputPolicyFlags without permission ACCESS_SURFACE_FLINGER
02-01 15:10:21.598   642   642 E SurfaceFlinger: Attempt to update InputPolicyFlags without permission ACCESS_SURFACE_FLINGER
02-01 15:10:21.631   642   642 E SurfaceFlinger: Attempt to update InputPolicyFlags without permission ACCESS_SURFACE_FLINGER
02-01 15:10:21.681   642   642 E SurfaceFlinger: Attempt to update InputPolicyFlags without permission ACCESS_SURFACE_FLINGER
02-01 15:10:21.715   642   642 E SurfaceFlinger: Attempt to update InputPolicyFlags without permission ACCESS_SURFACE_FLINGER
02-01 15:10:21.765   642   642 E SurfaceFlinger: Attempt to update InputPolicyFlags without permission ACCESS_SURFACE_FLINGER
02-01 15:10:21.798   642   642 E SurfaceFlinger: Attempt to update InputPolicyFlags without permission ACCESS_SURFACE_FLINGER
02-01 15:10:21.834   642   642 E SurfaceFlinger: Attempt to update InputPolicyFlags without permission ACCESS_SURFACE_FLINGER
02-01 15:10:21.881   642   642 E SurfaceFlinger: Attempt to update InputPolicyFlags without permission ACCESS_SURFACE_FLINGER
02-01 15:10:21.915   642   642 E SurfaceFlinger: Attempt to update InputPolicyFlags without permission ACCESS_SURFACE_FLINGER
02-01 15:10:21.965   642   642 E SurfaceFlinger: Attempt to update InputPolicyFlags without permission ACCESS_SURFACE_FLINGER
02-01 15:10:21.998   642   642 E SurfaceFlinger: Attempt to update InputPolicyFlags without permission ACCESS_SURFACE_FLINGER
02-01 15:10:22.035   642   642 E SurfaceFlinger: Attempt to update InputPolicyFlags without permission ACCESS_SURFACE_FLINGER
02-01 15:10:22.082   642   642 E SurfaceFlinger: Attempt to update InputPolicyFlags without permission ACCESS_SURFACE_FLINGER
02-01 15:10:22.115   642   642 E SurfaceFlinger: Attempt to update InputPolicyFlags without permission ACCESS_SURFACE_FLINGER
02-01 15:10:22.165   642   642 E SurfaceFlinger: Attempt to update InputPolicyFlags without permission ACCESS_SURFACE_FLINGER
02-01 15:10:22.199   642   642 E SurfaceFlinger: Attempt to update InputPolicyFlags without permission ACCESS_SURFACE_FLINGER
02-01 15:10:22.232   642   642 E SurfaceFlinger: Attempt to update InputPolicyFlags without permission ACCESS_SURFACE_FLINGER
02-01 15:10:22.282   642   642 E SurfaceFlinger: Attempt to update InputPolicyFlags without permission ACCESS_SURFACE_FLINGER
02-01 15:10:22.309 17438 17602 E CscParser: update(): xml file exist
02-01 15:10:22.315   642   642 E SurfaceFlinger: Attempt to update InputPolicyFlags without permission ACCESS_SURFACE_FLINGER
02-01 15:10:22.365   642   642 E SurfaceFlinger: Attempt to update InputPolicyFlags without permission ACCESS_SURFACE_FLINGER
02-01 15:10:22.398   642   642 E SurfaceFlinger: Attempt to update InputPolicyFlags without permission ACCESS_SURFACE_FLINGER
02-01 15:10:22.432   642   642 E SurfaceFlinger: Attempt to update InputPolicyFlags without permission ACCESS_SURFACE_FLINGER
02-01 15:10:22.482   642   642 E SurfaceFlinger: Attempt to update InputPolicyFlags without permission ACCESS_SURFACE_FLINGER
02-01 15:10:22.515   642   642 E SurfaceFlinger: Attempt to update InputPolicyFlags without permission ACCESS_SURFACE_FLINGER
02-01 15:10:22.565   642   642 E SurfaceFlinger: Attempt to update InputPolicyFlags without permission ACCESS_SURFACE_FLINGER
02-01 15:10:22.599   642   642 E SurfaceFlinger: Attempt to update InputPolicyFlags without permission ACCESS_SURFACE_FLINGER
02-01 15:10:22.632   642   642 E SurfaceFlinger: Attempt to update InputPolicyFlags without permission ACCESS_SURFACE_FLINGER
02-01 15:10:22.682   642   642 E SurfaceFlinger: Attempt to update InputPolicyFlags without permission ACCESS_SURFACE_FLINGER
02-01 15:10:22.715   642   642 E SurfaceFlinger: Attempt to update InputPolicyFlags without permission ACCESS_SURFACE_FLINGER
02-01 15:10:22.767   642   642 E SurfaceFlinger: Attempt to update InputPolicyFlags without permission ACCESS_SURFACE_FLINGER
02-01 15:10:22.799   642   642 E SurfaceFlinger: Attempt to update InputPolicyFlags without permission ACCESS_SURFACE_FLINGER
02-01 15:10:22.833   642   642 E SurfaceFlinger: Attempt to update InputPolicyFlags without permission ACCESS_SURFACE_FLINGER
02-01 15:10:22.882   642   642 E SurfaceFlinger: Attempt to update InputPolicyFlags without permission ACCESS_SURFACE_FLINGER
02-01 15:10:22.916   642   642 E SurfaceFlinger: Attempt to update InputPolicyFlags without permission ACCESS_SURFACE_FLINGER
02-01 15:10:22.966   642   642 E SurfaceFlinger: Attempt to update InputPolicyFlags without permission ACCESS_SURFACE_FLINGER
02-01 15:10:22.999   642   642 E SurfaceFlinger: Attempt to update InputPolicyFlags without permission ACCESS_SURFACE_FLINGER
02-01 15:10:23.032   642   642 E SurfaceFlinger: Attempt to update InputPolicyFlags without permission ACCESS_SURFACE_FLINGER
02-01 15:10:23.083   642   642 E SurfaceFlinger: Attempt to update InputPolicyFlags without permission ACCESS_SURFACE_FLINGER
02-01 15:10:23.116   642   642 E SurfaceFlinger: Attempt to update InputPolicyFlags without permission ACCESS_SURFACE_FLINGER
02-01 15:10:23.166   642   642 E SurfaceFlinger: Attempt to update InputPolicyFlags without permission ACCESS_SURFACE_FLINGER
02-01 15:10:23.199   642   642 E SurfaceFlinger: Attempt to update InputPolicyFlags without permission ACCESS_SURFACE_FLINGER
02-01 15:10:23.233   642   642 E SurfaceFlinger: Attempt to update InputPolicyFlags without permission ACCESS_SURFACE_FLINGER
02-01 15:10:23.283   642   642 E SurfaceFlinger: Attempt to update InputPolicyFlags without permission ACCESS_SURFACE_FLINGER
02-01 15:10:23.316   642   642 E SurfaceFlinger: Attempt to update InputPolicyFlags without permission ACCESS_SURFACE_FLINGER
02-01 15:10:23.367   642   642 E SurfaceFlinger: Attempt to update InputPolicyFlags without permission ACCESS_SURFACE_FLINGER
02-01 15:10:23.400   642   642 E SurfaceFlinger: Attempt to update InputPolicyFlags without permission ACCESS_SURFACE_FLINGER
02-01 15:10:23.433   642   642 E SurfaceFlinger: Attempt to update InputPolicyFlags without permission ACCESS_SURFACE_FLINGER
02-01 15:10:23.483   642   642 E SurfaceFlinger: Attempt to update InputPolicyFlags without permission ACCESS_SURFACE_FLINGER
02-01 15:10:23.517   642   642 E SurfaceFlinger: Attempt to update InputPolicyFlags without permission ACCESS_SURFACE_FLINGER
02-01 15:10:23.566   642   642 E SurfaceFlinger: Attempt to update InputPolicyFlags without permission ACCESS_SURFACE_FLINGER
02-01 15:10:23.600   642   642 E SurfaceFlinger: Attempt to update InputPolicyFlags without permission ACCESS_SURFACE_FLINGER
02-01 15:10:23.633   642   642 E SurfaceFlinger: Attempt to update InputPolicyFlags without permission ACCESS_SURFACE_FLINGER
02-01 15:10:23.666   642   642 E SurfaceFlinger: Attempt to update InputPolicyFlags without permission ACCESS_SURFACE_FLINGER
02-01 15:10:23.717   642   642 E SurfaceFlinger: Attempt to update InputPolicyFlags without permission ACCESS_SURFACE_FLINGER
02-01 15:10:23.750   642   642 E SurfaceFlinger: Attempt to update InputPolicyFlags without permission ACCESS_SURFACE_FLINGER
02-01 15:10:23.783   642   642 E SurfaceFlinger: Attempt to update InputPolicyFlags without permission ACCESS_SURFACE_FLINGER
02-01 15:10:23.833   642   642 E SurfaceFlinger: Attempt to update InputPolicyFlags without permission ACCESS_SURFACE_FLINGER
02-01 15:10:23.866   642   642 E SurfaceFlinger: Attempt to update InputPolicyFlags without permission ACCESS_SURFACE_FLINGER
02-01 15:10:23.917   642   642 E SurfaceFlinger: Attempt to update InputPolicyFlags without permission ACCESS_SURFACE_FLINGER
02-01 15:10:23.950   642   642 E SurfaceFlinger: Attempt to update InputPolicyFlags without permission ACCESS_SURFACE_FLINGER
02-01 15:10:23.984   642   642 E SurfaceFlinger: Attempt to update InputPolicyFlags without permission ACCESS_SURFACE_FLINGER
02-01 15:10:24.033   642   642 E SurfaceFlinger: Attempt to update InputPolicyFlags without permission ACCESS_SURFACE_FLINGER
02-01 15:10:24.068   642   642 E SurfaceFlinger: Attempt to update InputPolicyFlags without permission ACCESS_SURFACE_FLINGER
02-01 15:10:24.117   642   642 E SurfaceFlinger: Attempt to update InputPolicyFlags without permission ACCESS_SURFACE_FLINGER
02-01 15:10:24.151   642   642 E SurfaceFlinger: Attempt to update InputPolicyFlags without permission ACCESS_SURFACE_FLINGER
02-01 15:10:24.184   642   642 E SurfaceFlinger: Attempt to update InputPolicyFlags without permission ACCESS_SURFACE_FLINGER
02-01 15:10:24.234   642   642 E SurfaceFlinger: Attempt to update InputPolicyFlags without permission ACCESS_SURFACE_FLINGER
02-01 15:10:24.267   642   642 E SurfaceFlinger: Attempt to update InputPolicyFlags without permission ACCESS_SURFACE_FLINGER
02-01 15:10:24.317   642   642 E SurfaceFlinger: Attempt to update InputPolicyFlags without permission ACCESS_SURFACE_FLINGER
02-01 15:10:24.351   642   642 E SurfaceFlinger: Attempt to update InputPolicyFlags without permission ACCESS_SURFACE_FLINGER
02-01 15:10:24.384   642   642 E SurfaceFlinger: Attempt to update InputPolicyFlags without permission ACCESS_SURFACE_FLINGER
02-01 15:10:24.434   642   642 E SurfaceFlinger: Attempt to update InputPolicyFlags without permission ACCESS_SURFACE_FLINGER
02-01 15:10:24.468   642   642 E SurfaceFlinger: Attempt to update InputPolicyFlags without permission ACCESS_SURFACE_FLINGER
02-01 15:10:24.517   642   642 E SurfaceFlinger: Attempt to update InputPolicyFlags without permission ACCESS_SURFACE_FLINGER
02-01 15:10:24.551   642   642 E SurfaceFlinger: Attempt to update InputPolicyFlags without permission ACCESS_SURFACE_FLINGER
02-01 15:10:24.585   642   642 E SurfaceFlinger: Attempt to update InputPolicyFlags without permission ACCESS_SURFACE_FLINGER
02-01 15:10:24.634   642   642 E SurfaceFlinger: Attempt to update InputPolicyFlags without permission ACCESS_SURFACE_FLINGER
02-01 15:10:24.669   642   642 E SurfaceFlinger: Attempt to update InputPolicyFlags without permission ACCESS_SURFACE_FLINGER
02-01 15:10:24.718   642   642 E SurfaceFlinger: Attempt to update InputPolicyFlags without permission ACCESS_SURFACE_FLINGER
02-01 15:10:24.751   642   642 E SurfaceFlinger: Attempt to update InputPolicyFlags without permission ACCESS_SURFACE_FLINGER
02-01 15:10:24.785   642   642 E SurfaceFlinger: Attempt to update InputPolicyFlags without permission ACCESS_SURFACE_FLINGER
02-01 15:10:24.835   642   642 E SurfaceFlinger: Attempt to update InputPolicyFlags without permission ACCESS_SURFACE_FLINGER
02-01 15:10:24.870   642   642 E SurfaceFlinger: Attempt to update InputPolicyFlags without permission ACCESS_SURFACE_FLINGER
02-01 15:10:24.918   642   642 E SurfaceFlinger: Attempt to update InputPolicyFlags without permission ACCESS_SURFACE_FLINGER
02-01 15:10:24.951   642   642 E SurfaceFlinger: Attempt to update InputPolicyFlags without permission ACCESS_SURFACE_FLINGER
02-01 15:10:24.985   642   642 E SurfaceFlinger: Attempt to update InputPolicyFlags without permission ACCESS_SURFACE_FLINGER
02-01 15:10:25.035   642   642 E SurfaceFlinger: Attempt to update InputPolicyFlags without permission ACCESS_SURFACE_FLINGER
02-01 15:10:25.071   642   642 E SurfaceFlinger: Attempt to update InputPolicyFlags without permission ACCESS_SURFACE_FLINGER
02-01 15:10:25.118   642   642 E SurfaceFlinger: Attempt to update InputPolicyFlags without permission ACCESS_SURFACE_FLINGER
02-01 15:10:25.152   642   642 E SurfaceFlinger: Attempt to update InputPolicyFlags without permission ACCESS_SURFACE_FLINGER
02-01 15:10:25.185   642   642 E SurfaceFlinger: Attempt to update InputPolicyFlags without permission ACCESS_SURFACE_FLINGER
02-01 15:10:25.235   642   642 E SurfaceFlinger: Attempt to update InputPolicyFlags without permission ACCESS_SURFACE_FLINGER
02-01 15:10:25.268   642   642 E SurfaceFlinger: Attempt to update InputPolicyFlags without permission ACCESS_SURFACE_FLINGER
02-01 15:10:25.318   642   642 E SurfaceFlinger: Attempt to update InputPolicyFlags without permission ACCESS_SURFACE_FLINGER
02-01 15:10:25.352   642   642 E SurfaceFlinger: Attempt to update InputPolicyFlags without permission ACCESS_SURFACE_FLINGER
02-01 15:10:25.385   642   642 E SurfaceFlinger: Attempt to update InputPolicyFlags without permission ACCESS_SURFACE_FLINGER
02-01 15:10:25.435   642   642 E SurfaceFlinger: Attempt to update InputPolicyFlags without permission ACCESS_SURFACE_FLINGER
02-01 15:10:25.468   642   642 E SurfaceFlinger: Attempt to update InputPolicyFlags without permission ACCESS_SURFACE_FLINGER
02-01 15:10:25.518   642   642 E SurfaceFlinger: Attempt to update InputPolicyFlags without permission ACCESS_SURFACE_FLINGER
02-01 15:10:25.552   642   642 E SurfaceFlinger: Attempt to update InputPolicyFlags without permission ACCESS_SURFACE_FLINGER
02-01 15:10:25.585   642   642 E SurfaceFlinger: Attempt to update InputPolicyFlags without permission ACCESS_SURFACE_FLINGER
02-01 15:10:25.635   642   642 E SurfaceFlinger: Attempt to update InputPolicyFlags without permission ACCESS_SURFACE_FLINGER
02-01 15:10:25.669   642   642 E SurfaceFlinger: Attempt to update InputPolicyFlags without permission ACCESS_SURFACE_FLINGER
02-01 15:10:25.719   642   642 E SurfaceFlinger: Attempt to update InputPolicyFlags without permission ACCESS_SURFACE_FLINGER
02-01 15:10:25.752   642   642 E SurfaceFlinger: Attempt to update InputPolicyFlags without permission ACCESS_SURFACE_FLINGER
02-01 15:10:25.785   642   642 E SurfaceFlinger: Attempt to update InputPolicyFlags without permission ACCESS_SURFACE_FLINGER
02-01 15:10:25.835   642   642 E SurfaceFlinger: Attempt to update InputPolicyFlags without permission ACCESS_SURFACE_FLINGER
02-01 15:10:25.869   642   642 E SurfaceFlinger: Attempt to update InputPolicyFlags without permission ACCESS_SURFACE_FLINGER
02-01 15:10:25.919   642   642 E SurfaceFlinger: Attempt to update InputPolicyFlags without permission ACCESS_SURFACE_FLINGER
02-01 15:10:25.952   642   642 E SurfaceFlinger: Attempt to update InputPolicyFlags without permission ACCESS_SURFACE_FLINGER
02-01 15:10:25.986   642   642 E SurfaceFlinger: Attempt to update InputPolicyFlags without permission ACCESS_SURFACE_FLINGER
02-01 15:10:26.036   642   642 E SurfaceFlinger: Attempt to update InputPolicyFlags without permission ACCESS_SURFACE_FLINGER
02-01 15:10:26.069   642   642 E SurfaceFlinger: Attempt to update InputPolicyFlags without permission ACCESS_SURFACE_FLINGER
02-01 15:10:26.119   642   642 E SurfaceFlinger: Attempt to update InputPolicyFlags without permission ACCESS_SURFACE_FLINGER
02-01 15:10:26.153   642   642 E SurfaceFlinger: Attempt to update InputPolicyFlags without permission ACCESS_SURFACE_FLINGER
02-01 15:10:26.188   642   642 E SurfaceFlinger: Attempt to update InputPolicyFlags without permission ACCESS_SURFACE_FLINGER
02-01 15:10:26.236   642   642 E SurfaceFlinger: Attempt to update InputPolicyFlags without permission ACCESS_SURFACE_FLINGER
02-01 15:10:26.269   642   642 E SurfaceFlinger: Attempt to update InputPolicyFlags without permission ACCESS_SURFACE_FLINGER
02-01 15:10:26.319   642   642 E SurfaceFlinger: Attempt to update InputPolicyFlags without permission ACCESS_SURFACE_FLINGER
02-01 15:10:26.353   642   642 E SurfaceFlinger: Attempt to update InputPolicyFlags without permission ACCESS_SURFACE_FLINGER
02-01 15:10:26.387   642   642 E SurfaceFlinger: Attempt to update InputPolicyFlags without permission ACCESS_SURFACE_FLINGER
02-01 15:10:26.436   642   642 E SurfaceFlinger: Attempt to update InputPolicyFlags without permission ACCESS_SURFACE_FLINGER
02-01 15:10:26.466   528   528 E audit   : type=1400 audit(1769938826.461:69620): avc:  denied  { write } for  pid=2179 comm="ThreadPoolForeg" name="traced_producer" dev="tmpfs" ino=12628 scontext=u:r:gmscore_app:s0:c662,c768 tcontext=u:object_r:traced_producer_socket:s0 tclass=sock_file permissive=0 SEPF_SM-N975F_12_0001 audit_filtered
02-01 15:10:26.466   528   528 E audit   : type=1300 audit(1769938826.461:69620): arch=c00000b7 syscall=203 success=no exit=-13 a0=81 a1=729e135c00 a2=1e a3=ffffffff96824fd5 items=0 ppid=16968 pid=2179 auid=4294967295 uid=15010078 gid=15010078 euid=15010078 suid=15010078 fsuid=15010078 egid=15010078 sgid=15010078 fsgid=15010078 tty=(none) ses=4294967295 comm="ThreadPoolForeg" exe="/system/bin/app_process64" subj=u:r:gmscore_app:s0:c662,c768 key=(null)
02-01 15:10:26.466   528   528 E audit   : type=1327 audit(1769938826.461:69620): proctitle="com.google.android.gms.persistent"
02-01 15:10:26.469   642   642 E SurfaceFlinger: Attempt to update InputPolicyFlags without permission ACCESS_SURFACE_FLINGER
02-01 15:10:26.519   642   642 E SurfaceFlinger: Attempt to update InputPolicyFlags without permission ACCESS_SURFACE_FLINGER
02-01 15:10:26.553   642   642 E SurfaceFlinger: Attempt to update InputPolicyFlags without permission ACCESS_SURFACE_FLINGER
02-01 15:10:26.590   642   642 E SurfaceFlinger: Attempt to update InputPolicyFlags without permission ACCESS_SURFACE_FLINGER
02-01 15:10:26.636   642   642 E SurfaceFlinger: Attempt to update InputPolicyFlags without permission ACCESS_SURFACE_FLINGER
02-01 15:10:26.670   642   642 E SurfaceFlinger: Attempt to update InputPolicyFlags without permission ACCESS_SURFACE_FLINGER
02-01 15:10:26.719   642   642 E SurfaceFlinger: Attempt to update InputPolicyFlags without permission ACCESS_SURFACE_FLINGER
02-01 15:10:26.753   642   642 E SurfaceFlinger: Attempt to update InputPolicyFlags without permission ACCESS_SURFACE_FLINGER
02-01 15:10:26.791   642   642 E SurfaceFlinger: Attempt to update InputPolicyFlags without permission ACCESS_SURFACE_FLINGER
02-01 15:10:26.837   642   642 E SurfaceFlinger: Attempt to update InputPolicyFlags without permission ACCESS_SURFACE_FLINGER
02-01 15:10:26.870   642   642 E SurfaceFlinger: Attempt to update InputPolicyFlags without permission ACCESS_SURFACE_FLINGER
02-01 15:10:26.920   642   642 E SurfaceFlinger: Attempt to update InputPolicyFlags without permission ACCESS_SURFACE_FLINGER
02-01 15:10:26.954   642   642 E SurfaceFlinger: Attempt to update InputPolicyFlags without permission ACCESS_SURFACE_FLINGER
02-01 15:10:26.987   642   642 E SurfaceFlinger: Attempt to update InputPolicyFlags without permission ACCESS_SURFACE_FLINGER
02-01 15:10:27.036   642   642 E SurfaceFlinger: Attempt to update InputPolicyFlags without permission ACCESS_SURFACE_FLINGER
02-01 15:10:27.070   642   642 E SurfaceFlinger: Attempt to update InputPolicyFlags without permission ACCESS_SURFACE_FLINGER
02-01 15:10:27.120   642   642 E SurfaceFlinger: Attempt to update InputPolicyFlags without permission ACCESS_SURFACE_FLINGER
02-01 15:10:27.137   528   528 E audit   : type=1400 audit(1769938827.133:69621): avc:  denied  { search } for  pid=17689 comm="IpClient.wlan0" name="net" dev="sysfs" ino=31903 scontext=u:r:network_stack:s0 tcontext=u:object_r:sysfs_net:s0 tclass=dir permissive=0 SEPF_SM-N975F_12_0001 audit_filtered
02-01 15:10:27.138 17689  8770 E ProcfsParsingUtils: failed to read /sys/class/net/wlan0/mtu
02-01 15:10:27.138 17689  8770 E ProcfsParsingUtils: java.nio.file.AccessDeniedException: /sys/class/net/wlan0/mtu
02-01 15:10:27.138 17689  8770 E ProcfsParsingUtils: 	at sun.nio.fs.UnixFileSystemProvider.newByteChannel(UnixFileSystemProvider.java:214)
02-01 15:10:27.138 17689  8770 E ProcfsParsingUtils: 	at java.nio.file.Files.newByteChannel(Files.java:361)
02-01 15:10:27.138 17689  8770 E ProcfsParsingUtils: 	at java.nio.file.Files.newByteChannel(Files.java:407)
02-01 15:10:27.138 17689  8770 E ProcfsParsingUtils: 	at java.nio.file.spi.FileSystemProvider.newInputStream(FileSystemProvider.java:384)
02-01 15:10:27.138 17689  8770 E ProcfsParsingUtils: 	at java.nio.file.Files.newInputStream(Files.java:152)
02-01 15:10:27.138 17689  8770 E ProcfsParsingUtils: 	at java.nio.file.Files.newBufferedReader(Files.java:2784)
02-01 15:10:27.138 17689  8770 E ProcfsParsingUtils: 	at com.android.networkstack.com.android.net.module.util.ProcfsParsingUtils.readFile(ProcfsParsingUtils.java:75)
02-01 15:10:27.138 17689  8770 E ProcfsParsingUtils: 	at com.android.networkstack.com.android.net.module.util.ProcfsParsingUtils.getInterfaceMtu(ProcfsParsingUtils.java:350)
02-01 15:10:27.138 17689  8770 E ProcfsParsingUtils: 	at com.android.networkstack.android.net.apf.ApfFilter$Dependencies.getInterfaceMtu(ApfFilter.java:823)
02-01 15:10:27.138 17689  8770 E ProcfsParsingUtils: 	at com.android.networkstack.android.net.apf.ApfFilter.installNewProgram(ApfFilter.java:4004)
02-01 15:10:27.138 17689  8770 E ProcfsParsingUtils: 	at com.android.networkstack.android.net.apf.ApfFilter.processRa(ApfFilter.java:4215)
02-01 15:10:27.138 17689  8770 E ProcfsParsingUtils: 	at com.android.networkstack.android.net.apf.ApfFilter$RaPacketReader.handlePacket(ApfFilter.java:374)
02-01 15:10:27.138 17689  8770 E ProcfsParsingUtils: 	at com.android.networkstack.android.net.apf.ApfFilter$RaPacketReader.handlePacket(ApfFilter.java:358)
02-01 15:10:27.138 17689  8770 E ProcfsParsingUtils: 	at com.android.networkstack.com.android.net.module.util.FdEventsReader.handleInput(FdEventsReader.java:277)
02-01 15:10:27.138 17689  8770 E ProcfsParsingUtils: 	at com.android.networkstack.com.android.net.module.util.FdEventsReader.lambda$createAndRegisterFd$0(FdEventsReader.java:233)
02-01 15:10:27.138 17689  8770 E ProcfsParsingUtils: 	at com.android.networkstack.com.android.net.module.util.FdEventsReader.$r8$lambda$jjSC4hVD2AlVH3T-DbWnF2T3fK8(FdEventsReader.java:0)
02-01 15:10:27.138 17689  8770 E ProcfsParsingUtils: 	at com.android.networkstack.com.android.net.module.util.FdEventsReader$$ExternalSyntheticLambda0.onFileDescriptorEvents(R8$$SyntheticClass:0)
02-01 15:10:27.138 17689  8770 E ProcfsParsingUtils: 	at android.os.MessageQueue.dispatchEvents(MessageQueue.java:293)
02-01 15:10:27.138 17689  8770 E ProcfsParsingUtils: 	at android.os.MessageQueue.nativePollOnce(Native Method)
02-01 15:10:27.138 17689  8770 E ProcfsParsingUtils: 	at android.os.MessageQueue.next(MessageQueue.java:335)
02-01 15:10:27.138 17689  8770 E ProcfsParsingUtils: 	at android.os.Looper.loopOnce(Looper.java:186)
02-01 15:10:27.138 17689  8770 E ProcfsParsingUtils: 	at android.os.Looper.loop(Looper.java:313)
02-01 15:10:27.138 17689  8770 E ProcfsParsingUtils: 	at android.os.HandlerThread.run(HandlerThread.java:67)
02-01 15:10:27.154   642   642 E SurfaceFlinger: Attempt to update InputPolicyFlags without permission ACCESS_SURFACE_FLINGER
02-01 15:10:27.187   642   642 E SurfaceFlinger: Attempt to update InputPolicyFlags without permission ACCESS_SURFACE_FLINGER
02-01 15:10:27.237   642   642 E SurfaceFlinger: Attempt to update InputPolicyFlags without permission ACCESS_SURFACE_FLINGER
02-01 15:10:27.271   642   642 E SurfaceFlinger: Attempt to update InputPolicyFlags without permission ACCESS_SURFACE_FLINGER
02-01 15:10:27.320   642   642 E SurfaceFlinger: Attempt to update InputPolicyFlags without permission ACCESS_SURFACE_FLINGER
02-01 15:10:27.354   642   642 E SurfaceFlinger: Attempt to update InputPolicyFlags without permission ACCESS_SURFACE_FLINGER
02-01 15:10:27.387   642   642 E SurfaceFlinger: Attempt to update InputPolicyFlags without permission ACCESS_SURFACE_FLINGER
02-01 15:10:27.437   642   642 E SurfaceFlinger: Attempt to update InputPolicyFlags without permission ACCESS_SURFACE_FLINGER
02-01 15:10:27.471   642   642 E SurfaceFlinger: Attempt to update InputPolicyFlags without permission ACCESS_SURFACE_FLINGER
02-01 15:10:27.521   642   642 E SurfaceFlinger: Attempt to update InputPolicyFlags without permission ACCESS_SURFACE_FLINGER
02-01 15:10:27.554   642   642 E SurfaceFlinger: Attempt to update InputPolicyFlags without permission ACCESS_SURFACE_FLINGER
02-01 15:10:27.587   642   642 E SurfaceFlinger: Attempt to update InputPolicyFlags without permission ACCESS_SURFACE_FLINGER
02-01 15:10:27.637   642   642 E SurfaceFlinger: Attempt to update InputPolicyFlags without permission ACCESS_SURFACE_FLINGER
02-01 15:10:27.671   642   642 E SurfaceFlinger: Attempt to update InputPolicyFlags without permission ACCESS_SURFACE_FLINGER
02-01 15:10:27.721   642   642 E SurfaceFlinger: Attempt to update InputPolicyFlags without permission ACCESS_SURFACE_FLINGER
02-01 15:10:27.754   642   642 E SurfaceFlinger: Attempt to update InputPolicyFlags without permission ACCESS_SURFACE_FLINGER
02-01 15:10:27.787   642   642 E SurfaceFlinger: Attempt to update InputPolicyFlags without permission ACCESS_SURFACE_FLINGER
02-01 15:10:27.838   642   642 E SurfaceFlinger: Attempt to update InputPolicyFlags without permission ACCESS_SURFACE_FLINGER
02-01 15:10:27.871   642   642 E SurfaceFlinger: Attempt to update InputPolicyFlags without permission ACCESS_SURFACE_FLINGER
02-01 15:10:27.921   642   642 E SurfaceFlinger: Attempt to update InputPolicyFlags without permission ACCESS_SURFACE_FLINGER
02-01 15:10:27.954   642   642 E SurfaceFlinger: Attempt to update InputPolicyFlags without permission ACCESS_SURFACE_FLINGER
02-01 15:10:27.988   642   642 E SurfaceFlinger: Attempt to update InputPolicyFlags without permission ACCESS_SURFACE_FLINGER
02-01 15:10:28.038   642   642 E SurfaceFlinger: Attempt to update InputPolicyFlags without permission ACCESS_SURFACE_FLINGER
02-01 15:10:28.071   642   642 E SurfaceFlinger: Attempt to update InputPolicyFlags without permission ACCESS_SURFACE_FLINGER
02-01 15:10:28.121   642   642 E SurfaceFlinger: Attempt to update InputPolicyFlags without permission ACCESS_SURFACE_FLINGER
02-01 15:10:28.154   642   642 E SurfaceFlinger: Attempt to update InputPolicyFlags without permission ACCESS_SURFACE_FLINGER
02-01 15:10:28.188   642   642 E SurfaceFlinger: Attempt to update InputPolicyFlags without permission ACCESS_SURFACE_FLINGER
02-01 15:10:28.238   642   642 E SurfaceFlinger: Attempt to update InputPolicyFlags without permission ACCESS_SURFACE_FLINGER
02-01 15:10:28.271   642   642 E SurfaceFlinger: Attempt to update InputPolicyFlags without permission ACCESS_SURFACE_FLINGER
02-01 15:10:28.321   642   642 E SurfaceFlinger: Attempt to update InputPolicyFlags without permission ACCESS_SURFACE_FLINGER
02-01 15:10:28.355   642   642 E SurfaceFlinger: Attempt to update InputPolicyFlags without permission ACCESS_SURFACE_FLINGER
02-01 15:10:28.388   642   642 E SurfaceFlinger: Attempt to update InputPolicyFlags without permission ACCESS_SURFACE_FLINGER
02-01 15:10:28.438   642   642 E SurfaceFlinger: Attempt to update InputPolicyFlags without permission ACCESS_SURFACE_FLINGER
02-01 15:10:28.471   642   642 E SurfaceFlinger: Attempt to update InputPolicyFlags without permission ACCESS_SURFACE_FLINGER
02-01 15:10:28.522   642   642 E SurfaceFlinger: Attempt to update InputPolicyFlags without permission ACCESS_SURFACE_FLINGER
02-01 15:10:28.555   642   642 E SurfaceFlinger: Attempt to update InputPolicyFlags without permission ACCESS_SURFACE_FLINGER
02-01 15:10:28.588   642   642 E SurfaceFlinger: Attempt to update InputPolicyFlags without permission ACCESS_SURFACE_FLINGER
02-01 15:10:28.638   642   642 E SurfaceFlinger: Attempt to update InputPolicyFlags without permission ACCESS_SURFACE_FLINGER
02-01 15:10:28.672   642   642 E SurfaceFlinger: Attempt to update InputPolicyFlags without permission ACCESS_SURFACE_FLINGER
02-01 15:10:28.722   642   642 E SurfaceFlinger: Attempt to update InputPolicyFlags without permission ACCESS_SURFACE_FLINGER
02-01 15:10:28.755   642   642 E SurfaceFlinger: Attempt to update InputPolicyFlags without permission ACCESS_SURFACE_FLINGER
02-01 15:10:28.789   642   642 E SurfaceFlinger: Attempt to update InputPolicyFlags without permission ACCESS_SURFACE_FLINGER
02-01 15:10:28.838   528   528 E audit   : type=1400 audit(1769938828.833:69622): avc:  denied  { write } for  pid=19243 comm="ThreadPoolForeg" name="traced_producer" dev="tmpfs" ino=12628 scontext=u:r:gmscore_app:s0:c512,c768 tcontext=u:object_r:traced_producer_socket:s0 tclass=sock_file permissive=0 SEPF_SM-N975F_12_0001 audit_filtered
02-01 15:10:28.838   528   528 E audit   : type=1300 audit(1769938828.833:69622): arch=c00000b7 syscall=203 success=no exit=-13 a0=66 a1=729e115b90 a2=1e a3=ffffffff96824fd5 items=0 ppid=16968 pid=19243 auid=4294967295 uid=10078 gid=10078 euid=10078 suid=10078 fsuid=10078 egid=10078 sgid=10078 fsgid=10078 tty=(none) ses=4294967295 comm="ThreadPoolForeg" exe="/system/bin/app_process64" subj=u:r:gmscore_app:s0:c512,c768 key=(null)
02-01 15:10:28.838   528   528 E audit   : type=1327 audit(1769938828.833:69622): proctitle="com.google.android.gms"
02-01 15:10:28.839   642   642 E SurfaceFlinger: Attempt to update InputPolicyFlags without permission ACCESS_SURFACE_FLINGER
02-01 15:10:28.872   642   642 E SurfaceFlinger: Attempt to update InputPolicyFlags without permission ACCESS_SURFACE_FLINGER
02-01 15:10:28.922   642   642 E SurfaceFlinger: Attempt to update InputPolicyFlags without permission ACCESS_SURFACE_FLINGER
02-01 15:10:28.955   642   642 E SurfaceFlinger: Attempt to update InputPolicyFlags without permission ACCESS_SURFACE_FLINGER
02-01 15:10:28.989   642   642 E SurfaceFlinger: Attempt to update InputPolicyFlags without permission ACCESS_SURFACE_FLINGER
02-01 15:10:29.038   642   642 E SurfaceFlinger: Attempt to update InputPolicyFlags without permission ACCESS_SURFACE_FLINGER
02-01 15:10:29.072   642   642 E SurfaceFlinger: Attempt to update InputPolicyFlags without permission ACCESS_SURFACE_FLINGER
02-01 15:10:29.122   642   642 E SurfaceFlinger: Attempt to update InputPolicyFlags without permission ACCESS_SURFACE_FLINGER
02-01 15:10:29.155   642   642 E SurfaceFlinger: Attempt to update InputPolicyFlags without permission ACCESS_SURFACE_FLINGER
02-01 15:10:29.189   642   642 E SurfaceFlinger: Attempt to update InputPolicyFlags without permission ACCESS_SURFACE_FLINGER
02-01 15:10:29.239   642   642 E SurfaceFlinger: Attempt to update InputPolicyFlags without permission ACCESS_SURFACE_FLINGER
02-01 15:10:29.272   642   642 E SurfaceFlinger: Attempt to update InputPolicyFlags without permission ACCESS_SURFACE_FLINGER
02-01 15:10:29.322   642   642 E SurfaceFlinger: Attempt to update InputPolicyFlags without permission ACCESS_SURFACE_FLINGER
02-01 15:10:29.356   642   642 E SurfaceFlinger: Attempt to update InputPolicyFlags without permission ACCESS_SURFACE_FLINGER
02-01 15:10:29.389   642   642 E SurfaceFlinger: Attempt to update InputPolicyFlags without permission ACCESS_SURFACE_FLINGER
02-01 15:10:29.439   642   642 E SurfaceFlinger: Attempt to update InputPolicyFlags without permission ACCESS_SURFACE_FLINGER
02-01 15:10:29.472   642   642 E SurfaceFlinger: Attempt to update InputPolicyFlags without permission ACCESS_SURFACE_FLINGER
02-01 15:10:29.523   642   642 E SurfaceFlinger: Attempt to update InputPolicyFlags without permission ACCESS_SURFACE_FLINGER
02-01 15:10:29.556   642   642 E SurfaceFlinger: Attempt to update InputPolicyFlags without permission ACCESS_SURFACE_FLINGER
02-01 15:10:29.590   642   642 E SurfaceFlinger: Attempt to update InputPolicyFlags without permission ACCESS_SURFACE_FLINGER
02-01 15:10:29.640   642   642 E SurfaceFlinger: Attempt to update InputPolicyFlags without permission ACCESS_SURFACE_FLINGER
02-01 15:10:29.673   642   642 E SurfaceFlinger: Attempt to update InputPolicyFlags without permission ACCESS_SURFACE_FLINGER
02-01 15:10:29.723   642   642 E SurfaceFlinger: Attempt to update InputPolicyFlags without permission ACCESS_SURFACE_FLINGER
02-01 15:10:29.756   642   642 E SurfaceFlinger: Attempt to update InputPolicyFlags without permission ACCESS_SURFACE_FLINGER
02-01 15:10:29.790   642   642 E SurfaceFlinger: Attempt to update InputPolicyFlags without permission ACCESS_SURFACE_FLINGER
02-01 15:10:29.840   642   642 E SurfaceFlinger: Attempt to update InputPolicyFlags without permission ACCESS_SURFACE_FLINGER
02-01 15:10:29.873   642   642 E SurfaceFlinger: Attempt to update InputPolicyFlags without permission ACCESS_SURFACE_FLINGER
02-01 15:10:29.923   642   642 E SurfaceFlinger: Attempt to update InputPolicyFlags without permission ACCESS_SURFACE_FLINGER
02-01 15:10:29.956   642   642 E SurfaceFlinger: Attempt to update InputPolicyFlags without permission ACCESS_SURFACE_FLINGER
02-01 15:10:29.990   642   642 E SurfaceFlinger: Attempt to update InputPolicyFlags without permission ACCESS_SURFACE_FLINGER
02-01 15:10:29.994 17438 17602 E CscParser: update(): xml file exist
02-01 15:10:30.040   642   642 E SurfaceFlinger: Attempt to update InputPolicyFlags without permission ACCESS_SURFACE_FLINGER
02-01 15:10:30.073   642   642 E SurfaceFlinger: Attempt to update InputPolicyFlags without permission ACCESS_SURFACE_FLINGER
02-01 15:10:30.123   642   642 E SurfaceFlinger: Attempt to update InputPolicyFlags without permission ACCESS_SURFACE_FLINGER
02-01 15:10:30.150 17111 17136 E Watchdog: !@Sync: 920 heap: 129 / 133 objects: 2570228 WaitTime: 18.347 GCcnt: 0 FD: 1271 [2026-02-01 15:10:30.149] sdogWay:softdog
02-01 15:10:30.156   642   642 E SurfaceFlinger: Attempt to update InputPolicyFlags without permission ACCESS_SURFACE_FLINGER
02-01 15:10:30.190   642   642 E SurfaceFlinger: Attempt to update InputPolicyFlags without permission ACCESS_SURFACE_FLINGER
02-01 15:10:30.240   642   642 E SurfaceFlinger: Attempt to update InputPolicyFlags without permission ACCESS_SURFACE_FLINGER
02-01 15:10:30.273   642   642 E SurfaceFlinger: Attempt to update InputPolicyFlags without permission ACCESS_SURFACE_FLINGER
02-01 15:10:30.324   642   642 E SurfaceFlinger: Attempt to update InputPolicyFlags without permission ACCESS_SURFACE_FLINGER
02-01 15:10:30.357   642   642 E SurfaceFlinger: Attempt to update InputPolicyFlags without permission ACCESS_SURFACE_FLINGER
02-01 15:10:30.390   642   642 E SurfaceFlinger: Attempt to update InputPolicyFlags without permission ACCESS_SURFACE_FLINGER
02-01 15:10:30.440   642   642 E SurfaceFlinger: Attempt to update InputPolicyFlags without permission ACCESS_SURFACE_FLINGER
02-01 15:10:30.474   642   642 E SurfaceFlinger: Attempt to update InputPolicyFlags without permission ACCESS_SURFACE_FLINGER
02-01 15:10:30.523   642   642 E SurfaceFlinger: Attempt to update InputPolicyFlags without permission ACCESS_SURFACE_FLINGER
02-01 15:10:30.557   642   642 E SurfaceFlinger: Attempt to update InputPolicyFlags without permission ACCESS_SURFACE_FLINGER
02-01 15:10:30.590   642   642 E SurfaceFlinger: Attempt to update InputPolicyFlags without permission ACCESS_SURFACE_FLINGER
02-01 15:10:30.640   642   642 E SurfaceFlinger: Attempt to update InputPolicyFlags without permission ACCESS_SURFACE_FLINGER
02-01 15:10:30.674   642   642 E SurfaceFlinger: Attempt to update InputPolicyFlags without permission ACCESS_SURFACE_FLINGER
02-01 15:10:30.723   642   642 E SurfaceFlinger: Attempt to update InputPolicyFlags without permission ACCESS_SURFACE_FLINGER
02-01 15:10:30.757   642   642 E SurfaceFlinger: Attempt to update InputPolicyFlags without permission ACCESS_SURFACE_FLINGER
02-01 15:10:30.791   642   642 E SurfaceFlinger: Attempt to update InputPolicyFlags without permission ACCESS_SURFACE_FLINGER
02-01 15:10:30.841   642   642 E SurfaceFlinger: Attempt to update InputPolicyFlags without permission ACCESS_SURFACE_FLINGER
02-01 15:10:30.874   642   642 E SurfaceFlinger: Attempt to update InputPolicyFlags without permission ACCESS_SURFACE_FLINGER
02-01 15:10:30.924   642   642 E SurfaceFlinger: Attempt to update InputPolicyFlags without permission ACCESS_SURFACE_FLINGER
02-01 15:10:30.958   642   642 E SurfaceFlinger: Attempt to update InputPolicyFlags without permission ACCESS_SURFACE_FLINGER
02-01 15:10:30.991   642   642 E SurfaceFlinger: Attempt to update InputPolicyFlags without permission ACCESS_SURFACE_FLINGER
02-01 15:10:31.041   642   642 E SurfaceFlinger: Attempt to update InputPolicyFlags without permission ACCESS_SURFACE_FLINGER
02-01 15:10:31.074   642   642 E SurfaceFlinger: Attempt to update InputPolicyFlags without permission ACCESS_SURFACE_FLINGER
02-01 15:10:31.124   642   642 E SurfaceFlinger: Attempt to update InputPolicyFlags without permission ACCESS_SURFACE_FLINGER
02-01 15:10:31.158   642   642 E SurfaceFlinger: Attempt to update InputPolicyFlags without permission ACCESS_SURFACE_FLINGER
02-01 15:10:31.191   642   642 E SurfaceFlinger: Attempt to update InputPolicyFlags without permission ACCESS_SURFACE_FLINGER
02-01 15:10:31.241   642   642 E SurfaceFlinger: Attempt to update InputPolicyFlags without permission ACCESS_SURFACE_FLINGER
02-01 15:10:31.274   642   642 E SurfaceFlinger: Attempt to update InputPolicyFlags without permission ACCESS_SURFACE_FLINGER
02-01 15:10:31.324   642   642 E SurfaceFlinger: Attempt to update InputPolicyFlags without permission ACCESS_SURFACE_FLINGER
02-01 15:10:31.358   642   642 E SurfaceFlinger: Attempt to update InputPolicyFlags without permission ACCESS_SURFACE_FLINGER
02-01 15:10:31.386 17204 17204 E android.hardware.health@2.1-service-samsung: Could not open /sys/class/power_supply/battery/lrp
02-01 15:10:31.391   642   642 E SurfaceFlinger: Attempt to update InputPolicyFlags without permission ACCESS_SURFACE_FLINGER
02-01 15:10:31.432 17438  7627 E PowerUI.Notification: no saved value, so we do nothing !!
02-01 15:10:31.441   642   642 E SurfaceFlinger: Attempt to update InputPolicyFlags without permission ACCESS_SURFACE_FLINGER
02-01 15:10:31.443 17438 17438 E IndicatorGardenAlgorithmBasicCutout: NOT MATCH !!!! resourceHeight:114, cutoutHeight:113 ([IndicatorGardenInputProperty]  Rotation(0-0,90-1,180-2,270-3)0, Density:3.5, ScreenWidthSize:1440, CoverSidePadding:0, mIndicatorGardenCenterOffset:15, mCameraCutoutCropSize:0, mGardenPaddingStart:28, mIndicatorCornerPadding:72, mCameraSidePadding:36, mCameraTopMargin:23, DpCutout:DisplayCutout{insets=Rect(0, 113 - 0, 0) waterfall=Insets{left=0, top=0, right=0, bottom=0} boundingRect={Bounds=[Rect(0, 0 - 0, 0), Rect(675, 0 - 765, 113), Rect(0, 0 - 0, 0), Rect(0, 0 - 0, 0)]} cutoutPathParserInfo={CutoutPathParserInfo{displayWidth=1440 displayHeight=3040 density={3.5} cutoutSpec={M 0,0 H -12.85714285714286 V 32.28571428571429 H 12.85714285714286 V 0 H 0 Z @dp} rotation={0} scale={1.0}}}}) 
02-01 15:10:31.444 17438 17438 E IndicatorGardenAlgorithmBasicCutout: NOT MATCH !!!! resourceHeight:114, cutoutHeight:113 ([IndicatorGardenInputProperty]  Rotation(0-0,90-1,180-2,270-3)0, Density:3.5, ScreenWidthSize:1440, CoverSidePadding:0, mIndicatorGardenCenterOffset:15, mCameraCutoutCropSize:0, mGardenPaddingStart:28, mIndicatorCornerPadding:72, mCameraSidePadding:36, mCameraTopMargin:23, DpCutout:DisplayCutout{insets=Rect(0, 113 - 0, 0) waterfall=Insets{left=0, top=0, right=0, bottom=0} boundingRect={Bounds=[Rect(0, 0 - 0, 0), Rect(675, 0 - 765, 113), Rect(0, 0 - 0, 0), Rect(0, 0 - 0, 0)]} cutoutPathParserInfo={CutoutPathParserInfo{displayWidth=1440 displayHeight=3040 density={3.5} cutoutSpec={M 0,0 H -12.85714285714286 V 32.28571428571429 H 12.85714285714286 V 0 H 0 Z @dp} rotation={0} scale={1.0}}}}) 
02-01 15:10:31.475   642   642 E SurfaceFlinger: Attempt to update InputPolicyFlags without permission ACCESS_SURFACE_FLINGER
02-01 15:10:31.524   642   642 E SurfaceFlinger: Attempt to update InputPolicyFlags without permission ACCESS_SURFACE_FLINGER
02-01 15:10:31.558   642   642 E SurfaceFlinger: Attempt to update InputPolicyFlags without permission ACCESS_SURFACE_FLINGER
02-01 15:10:31.591   642   642 E SurfaceFlinger: Attempt to update InputPolicyFlags without permission ACCESS_SURFACE_FLINGER
02-01 15:10:31.641   642   642 E SurfaceFlinger: Attempt to update InputPolicyFlags without permission ACCESS_SURFACE_FLINGER
02-01 15:10:31.675   642   642 E SurfaceFlinger: Attempt to update InputPolicyFlags without permission ACCESS_SURFACE_FLINGER
02-01 15:10:31.726   642   642 E SurfaceFlinger: Attempt to update InputPolicyFlags without permission ACCESS_SURFACE_FLINGER
02-01 15:10:31.758   642   642 E SurfaceFlinger: Attempt to update InputPolicyFlags without permission ACCESS_SURFACE_FLINGER
02-01 15:10:31.792   642   642 E SurfaceFlinger: Attempt to update InputPolicyFlags without permission ACCESS_SURFACE_FLINGER
02-01 15:10:31.842   642   642 E SurfaceFlinger: Attempt to update InputPolicyFlags without permission ACCESS_SURFACE_FLINGER
02-01 15:10:31.875   642   642 E SurfaceFlinger: Attempt to update InputPolicyFlags without permission ACCESS_SURFACE_FLINGER
02-01 15:10:31.927   642   642 E SurfaceFlinger: Attempt to update InputPolicyFlags without permission ACCESS_SURFACE_FLINGER
02-01 15:10:31.958   642   642 E SurfaceFlinger: Attempt to update InputPolicyFlags without permission ACCESS_SURFACE_FLINGER
02-01 15:10:31.992   642   642 E SurfaceFlinger: Attempt to update InputPolicyFlags without permission ACCESS_SURFACE_FLINGER
02-01 15:10:32.042   642   642 E SurfaceFlinger: Attempt to update InputPolicyFlags without permission ACCESS_SURFACE_FLINGER
02-01 15:10:32.075   642   642 E SurfaceFlinger: Attempt to update InputPolicyFlags without permission ACCESS_SURFACE_FLINGER
