--------- beginning of main
02-01 15:10:06.851   642   642 E SurfaceFlinger: Attempt to update InputPolicyFlags without permission ACCESS_SURFACE_FLINGER
--------- beginning of system
02-01 15:10:07.019 17111 17134 E WindowManager: win=Window{29c0eca u0 Splash Screen com.swamisachidanand EXITING} destroySurfaces: appStopped=false win.mWindowRemovalAllowed=true win.mRemoveOnExit=true win.mViewVisibility=8 caller=com.android.server.wm.ActivityRecord.destroySurfaces:5848 com.android.server.wm.ActivityRecord.destroySurfaces:5829 com.android.server.wm.WindowState.onExitAnimationDone:5968 com.android.server.wm.WindowStateAnimator.onAnimationFinished:242 com.android.server.wm.WindowState.onAnimationFinished:6221 com.android.server.wm.WindowContainer$$ExternalSyntheticLambda0.onAnimationFinished:2 com.android.server.wm.SurfaceAnimator.lambda$getFinishedCallback$0$SurfaceAnimator:113 
02-01 15:10:07.068 17438 17438 E IndicatorGardenAlgorithmBasicCutout: NOT MATCH !!!! resourceHeight:114, cutoutHeight:113 ([IndicatorGardenInputProperty]  Rotation(0-0,90-1,180-2,270-3)0, Density:3.5, ScreenWidthSize:1440, CoverSidePadding:0, mIndicatorGardenCenterOffset:15, mCameraCutoutCropSize:0, mGardenPaddingStart:28, mIndicatorCornerPadding:72, mCameraSidePadding:36, mCameraTopMargin:23, DpCutout:DisplayCutout{insets=Rect(0, 113 - 0, 0) waterfall=Insets{left=0, top=0, right=0, bottom=0} boundingRect={Bounds=[Rect(0, 0 - 0, 0), Rect(675, 0 - 765, 113), Rect(0, 0 - 0, 0), Rect(0, 0 - 0, 0)]} cutoutPathParserInfo={CutoutPathParserInfo{displayWidth=1440 displayHeight=3040 density={3.5} cutoutSpec={M 0,0 H -12.85714285714286 V 32.28571428571429 H 12.85714285714286 V 0 H 0 Z @dp} rotation={0} scale={1.0}}}}) 
02-01 15:10:07.068 17438 17438 E IndicatorGardenAlgorithmBasicCutout: NOT MATCH !!!! resourceHeight:114, cutoutHeight:113 ([IndicatorGardenInputProperty]  Rotation(0-0,90-1,180-2,270-3)0, Density:3.5, ScreenWidthSize:1440, CoverSidePadding:0, mIndicatorGardenCenterOffset:15, mCameraCutoutCropSize:0, mGardenPaddingStart:28, mIndicatorCornerPadding:72, mCameraSidePadding:36, mCameraTopMargin:23, DpCutout:DisplayCutout{insets=Rect(0, 113 - 0, 0) waterfall=Insets{left=0, top=0, right=0, bottom=0} boundingRect={Bounds=[Rect(0, 0 - 0, 0), Rect(675, 0 - 765, 113), Rect(0, 0 - 0, 0), Rect(0, 0 - 0, 0)]} cutoutPathParserInfo={CutoutPathParserInfo{displayWidth=1440 displayHeight=3040 density={3.5} cutoutSpec={M 0,0 H -12.85714285714286 V 32.28571428571429 H 12.85714285714286 V 0 H 0 Z @dp} rotation={0} scale={1.0}}}}) 
02-01 15:10:07.168   642   642 E SurfaceFlinger: Attempt to update InputPolicyFlags without permission ACCESS_SURFACE_FLINGER
02-01 15:10:07.184   642   642 E SurfaceFlinger: Attempt to update InputPolicyFlags without permission ACCESS_SURFACE_FLINGER
02-01 15:10:07.237   810 15482 E OMXNodeInstance: getParameter(0xef2e6260:Exynos.avc.dec, ??(0x6f600011)) ERROR: UnsupportedIndex(0x8000101a)
02-01 15:10:07.253   810 15482 E OMXNodeInstance: setConfig(0xef2e6260:Exynos.avc.dec, ??(0x7f030009)) ERROR: UnsupportedIndex(0x8000101a)
02-01 15:10:07.255   810 15482 E OMXNodeInstance: getConfig(0xef2e6260:Exynos.avc.dec, ConfigCommonOutputCrop(0x700000f)) ERROR: NotReady(0x80001010)
02-01 15:10:07.260   810 25805 E OMXNodeInstance: getConfig(0xef2e6260:Exynos.avc.dec, ??(0x7f030009)) ERROR: UnsupportedIndex(0x8000101a)
02-01 15:10:07.311   545   551 E statsd  : Predicate -7037417284711607308 dropping data for dimension key (10)0x2010101->10438[I] (10)0x30000->AudioMix[S] 
02-01 15:10:07.312   545   551 E statsd  : Predicate 5980654721335871649 dropping data for dimension key (10)0x2010101->10438[I] (10)0x30000->AudioMix[S] 
02-01 15:10:07.332   810   810 E OMXNodeInstance: getConfig(0xef2e6260:Exynos.avc.dec, ??(0x7f030009)) ERROR: UnsupportedIndex(0x8000101a)
02-01 15:10:07.380   810  4781 E OMXNodeInstance: getConfig(0xef2e6260:Exynos.avc.dec, ??(0x7f030009)) ERROR: UnsupportedIndex(0x8000101a)
02-01 15:10:07.417   642   642 E SurfaceFlinger: Attempt to update InputPolicyFlags without permission ACCESS_SURFACE_FLINGER
02-01 15:10:07.419   528   528 E audit   : type=1400 audit(1769938807.413:69605): avc:  denied  { getattr } for  pid=642 comm="RenderEngine" name="anon_inode:" dev="anon_inodefs" ino=1 scontext=u:r:surfaceflinger:s0 tcontext=u:object_r:unlabeled:s0 tclass=filesystem permissive=0 SEPF_SM-N975F_12_0001 audit_filtered
02-01 15:10:07.419   528   528 E audit   : type=1300 audit(1769938807.413:69605): arch=c00000b7 syscall=44 success=no exit=-13 a0=145 a1=7035f0cd30 a2=7035f0ce84 a3=1026680 items=0 ppid=1 pid=642 auid=4294967295 uid=1000 gid=1003 euid=1000 suid=1000 fsuid=1000 egid=1003 sgid=1003 fsgid=1003 tty=(none) ses=4294967295 comm="RenderEngine" exe="/system/bin/surfaceflinger" subj=u:r:surfaceflinger:s0 key=(null)
02-01 15:10:07.419   528   528 E audit   : type=1327 audit(1769938807.413:69605): proctitle="/system/bin/surfaceflinger"
02-01 15:10:07.550   642   642 E SurfaceFlinger: Attempt to update InputPolicyFlags without permission ACCESS_SURFACE_FLINGER
02-01 15:10:07.551   528   528 E audit   : type=1400 audit(1769938807.545:69606): avc:  denied  { getattr } for  pid=642 comm="RenderEngine" name="anon_inode:" dev="anon_inodefs" ino=1 scontext=u:r:surfaceflinger:s0 tcontext=u:object_r:unlabeled:s0 tclass=filesystem permissive=0 SEPF_SM-N975F_12_0001 audit_filtered
02-01 15:10:07.551   528   528 E audit   : type=1300 audit(1769938807.545:69606): arch=c00000b7 syscall=44 success=no exit=-13 a0=14d a1=7035f0cd30 a2=7035f0ce84 a3=1026680 items=0 ppid=1 pid=642 auid=4294967295 uid=1000 gid=1003 euid=1000 suid=1000 fsuid=1000 egid=1003 sgid=1003 fsgid=1003 tty=(none) ses=4294967295 comm="RenderEngine" exe="/system/bin/surfaceflinger" subj=u:r:surfaceflinger:s0 key=(null)
02-01 15:10:07.551   528   528 E audit   : type=1327 audit(1769938807.545:69606): proctitle="/system/bin/surfaceflinger"
02-01 15:10:07.584   642   642 E SurfaceFlinger: Attempt to update InputPolicyFlags without permission ACCESS_SURFACE_FLINGER
02-01 15:10:07.601   642   642 E SurfaceFlinger: Attempt to update InputPolicyFlags without permission ACCESS_SURFACE_FLINGER
02-01 15:10:07.617   642   642 E SurfaceFlinger: Attempt to update InputPolicyFlags without permission ACCESS_SURFACE_FLINGER
02-01 15:10:07.634   642   642 E SurfaceFlinger: Attempt to update InputPolicyFlags without permission ACCESS_SURFACE_FLINGER
02-01 15:10:07.667   642   642 E SurfaceFlinger: Attempt to update InputPolicyFlags without permission ACCESS_SURFACE_FLINGER
02-01 15:10:07.667   642   642 E SurfaceFlinger: Attempt to update InputPolicyFlags without permission ACCESS_SURFACE_FLINGER
02-01 15:10:07.684   642   642 E SurfaceFlinger: Attempt to update InputPolicyFlags without permission ACCESS_SURFACE_FLINGER
02-01 15:10:07.717   642   642 E SurfaceFlinger: Attempt to update InputPolicyFlags without permission ACCESS_SURFACE_FLINGER
02-01 15:10:07.750   642   642 E SurfaceFlinger: Attempt to update InputPolicyFlags without permission ACCESS_SURFACE_FLINGER
02-01 15:10:07.767   642   642 E SurfaceFlinger: Attempt to update InputPolicyFlags without permission ACCESS_SURFACE_FLINGER
02-01 15:10:07.800   642   642 E SurfaceFlinger: Attempt to update InputPolicyFlags without permission ACCESS_SURFACE_FLINGER
02-01 15:10:07.801   642   642 E SurfaceFlinger: Attempt to update InputPolicyFlags without permission ACCESS_SURFACE_FLINGER
02-01 15:10:07.817   642   642 E SurfaceFlinger: Attempt to update InputPolicyFlags without permission ACCESS_SURFACE_FLINGER
02-01 15:10:07.834   642   642 E SurfaceFlinger: Attempt to update InputPolicyFlags without permission ACCESS_SURFACE_FLINGER
02-01 15:10:07.867   642   642 E SurfaceFlinger: Attempt to update InputPolicyFlags without permission ACCESS_SURFACE_FLINGER
02-01 15:10:07.881   573   573 E Sensors : AutoRotation::inject_sensor_data: size 31
02-01 15:10:07.917   642   642 E SurfaceFlinger: Attempt to update InputPolicyFlags without permission ACCESS_SURFACE_FLINGER
02-01 15:10:07.951   642   642 E SurfaceFlinger: Attempt to update InputPolicyFlags without permission ACCESS_SURFACE_FLINGER
02-01 15:10:08.001   642   642 E SurfaceFlinger: Attempt to update InputPolicyFlags without permission ACCESS_SURFACE_FLINGER
02-01 15:10:08.035   642   642 E SurfaceFlinger: Attempt to update InputPolicyFlags without permission ACCESS_SURFACE_FLINGER
02-01 15:10:08.067   642   642 E SurfaceFlinger: Attempt to update InputPolicyFlags without permission ACCESS_SURFACE_FLINGER
02-01 15:10:08.118   642   642 E SurfaceFlinger: Attempt to update InputPolicyFlags without permission ACCESS_SURFACE_FLINGER
02-01 15:10:08.151   642   642 E SurfaceFlinger: Attempt to update InputPolicyFlags without permission ACCESS_SURFACE_FLINGER
02-01 15:10:08.190 16972  5346 E TrafficController: FREECESS
02-01 15:10:08.201   642   642 E SurfaceFlinger: Attempt to update InputPolicyFlags without permission ACCESS_SURFACE_FLINGER
02-01 15:10:08.234   642   642 E SurfaceFlinger: Attempt to update InputPolicyFlags without permission ACCESS_SURFACE_FLINGER
02-01 15:10:08.240 17111 18705 E TaskPersister: File error accessing recents directory (directory doesn't exist?).
02-01 15:10:08.241 17111 18705 E TaskPersister: File error accessing recents directory (directory doesn't exist?).
02-01 15:10:08.241 17111 18705 E TaskPersister: File error accessing recents directory (directory doesn't exist?).
02-01 15:10:08.241 17111 18705 E TaskPersister: File error accessing recents directory (directory doesn't exist?).
02-01 15:10:08.241 17111 18705 E TaskPersister: File error accessing recents directory (directory doesn't exist?).
02-01 15:10:08.268   642   642 E SurfaceFlinger: Attempt to update InputPolicyFlags without permission ACCESS_SURFACE_FLINGER
02-01 15:10:08.318   642   642 E SurfaceFlinger: Attempt to update InputPolicyFlags without permission ACCESS_SURFACE_FLINGER
02-01 15:10:08.352   642   642 E SurfaceFlinger: Attempt to update InputPolicyFlags without permission ACCESS_SURFACE_FLINGER
02-01 15:10:08.401   642   642 E SurfaceFlinger: Attempt to update InputPolicyFlags without permission ACCESS_SURFACE_FLINGER
02-01 15:10:08.435   642   642 E SurfaceFlinger: Attempt to update InputPolicyFlags without permission ACCESS_SURFACE_FLINGER
02-01 15:10:08.469   642   642 E SurfaceFlinger: Attempt to update InputPolicyFlags without permission ACCESS_SURFACE_FLINGER
02-01 15:10:08.518   642   642 E SurfaceFlinger: Attempt to update InputPolicyFlags without permission ACCESS_SURFACE_FLINGER
02-01 15:10:08.552   642   642 E SurfaceFlinger: Attempt to update InputPolicyFlags without permission ACCESS_SURFACE_FLINGER
02-01 15:10:08.601   642   642 E SurfaceFlinger: Attempt to update InputPolicyFlags without permission ACCESS_SURFACE_FLINGER
02-01 15:10:08.635   642   642 E SurfaceFlinger: Attempt to update InputPolicyFlags without permission ACCESS_SURFACE_FLINGER
02-01 15:10:08.668   642   642 E SurfaceFlinger: Attempt to update InputPolicyFlags without permission ACCESS_SURFACE_FLINGER
02-01 15:10:08.718   642   642 E SurfaceFlinger: Attempt to update InputPolicyFlags without permission ACCESS_SURFACE_FLINGER
02-01 15:10:08.751   642   642 E SurfaceFlinger: Attempt to update InputPolicyFlags without permission ACCESS_SURFACE_FLINGER
02-01 15:10:08.801   642   642 E SurfaceFlinger: Attempt to update InputPolicyFlags without permission ACCESS_SURFACE_FLINGER
02-01 15:10:08.835   642   642 E SurfaceFlinger: Attempt to update InputPolicyFlags without permission ACCESS_SURFACE_FLINGER
02-01 15:10:08.869   642   642 E SurfaceFlinger: Attempt to update InputPolicyFlags without permission ACCESS_SURFACE_FLINGER
02-01 15:10:08.918   642   642 E SurfaceFlinger: Attempt to update InputPolicyFlags without permission ACCESS_SURFACE_FLINGER
02-01 15:10:08.952   642   642 E SurfaceFlinger: Attempt to update InputPolicyFlags without permission ACCESS_SURFACE_FLINGER
02-01 15:10:09.002   642   642 E SurfaceFlinger: Attempt to update InputPolicyFlags without permission ACCESS_SURFACE_FLINGER
02-01 15:10:09.035   642   642 E SurfaceFlinger: Attempt to update InputPolicyFlags without permission ACCESS_SURFACE_FLINGER
02-01 15:10:09.069   642   642 E SurfaceFlinger: Attempt to update InputPolicyFlags without permission ACCESS_SURFACE_FLINGER
02-01 15:10:09.119   642   642 E SurfaceFlinger: Attempt to update InputPolicyFlags without permission ACCESS_SURFACE_FLINGER
02-01 15:10:09.152   642   642 E SurfaceFlinger: Attempt to update InputPolicyFlags without permission ACCESS_SURFACE_FLINGER
02-01 15:10:09.202   642   642 E SurfaceFlinger: Attempt to update InputPolicyFlags without permission ACCESS_SURFACE_FLINGER
02-01 15:10:09.236   642   642 E SurfaceFlinger: Attempt to update InputPolicyFlags without permission ACCESS_SURFACE_FLINGER
02-01 15:10:09.269   642   642 E SurfaceFlinger: Attempt to update InputPolicyFlags without permission ACCESS_SURFACE_FLINGER
02-01 15:10:09.319   642   642 E SurfaceFlinger: Attempt to update InputPolicyFlags without permission ACCESS_SURFACE_FLINGER
02-01 15:10:09.353   642   642 E SurfaceFlinger: Attempt to update InputPolicyFlags without permission ACCESS_SURFACE_FLINGER
02-01 15:10:09.402   642   642 E SurfaceFlinger: Attempt to update InputPolicyFlags without permission ACCESS_SURFACE_FLINGER
02-01 15:10:09.436   642   642 E SurfaceFlinger: Attempt to update InputPolicyFlags without permission ACCESS_SURFACE_FLINGER
02-01 15:10:09.469   642   642 E SurfaceFlinger: Attempt to update InputPolicyFlags without permission ACCESS_SURFACE_FLINGER
02-01 15:10:09.519   642   642 E SurfaceFlinger: Attempt to update InputPolicyFlags without permission ACCESS_SURFACE_FLINGER
02-01 15:10:09.552   642   642 E SurfaceFlinger: Attempt to update InputPolicyFlags without permission ACCESS_SURFACE_FLINGER
02-01 15:10:09.602   642   642 E SurfaceFlinger: Attempt to update InputPolicyFlags without permission ACCESS_SURFACE_FLINGER
02-01 15:10:09.636   642   642 E SurfaceFlinger: Attempt to update InputPolicyFlags without permission ACCESS_SURFACE_FLINGER
02-01 15:10:09.670   642   642 E SurfaceFlinger: Attempt to update InputPolicyFlags without permission ACCESS_SURFACE_FLINGER
02-01 15:10:09.719   642   642 E SurfaceFlinger: Attempt to update InputPolicyFlags without permission ACCESS_SURFACE_FLINGER
02-01 15:10:09.753   642   642 E SurfaceFlinger: Attempt to update InputPolicyFlags without permission ACCESS_SURFACE_FLINGER
02-01 15:10:09.803   642   642 E SurfaceFlinger: Attempt to update InputPolicyFlags without permission ACCESS_SURFACE_FLINGER
02-01 15:10:09.836   642   642 E SurfaceFlinger: Attempt to update InputPolicyFlags without permission ACCESS_SURFACE_FLINGER
02-01 15:10:09.869   642   642 E SurfaceFlinger: Attempt to update InputPolicyFlags without permission ACCESS_SURFACE_FLINGER
02-01 15:10:09.920   642   642 E SurfaceFlinger: Attempt to update InputPolicyFlags without permission ACCESS_SURFACE_FLINGER
02-01 15:10:09.953   642   642 E SurfaceFlinger: Attempt to update InputPolicyFlags without permission ACCESS_SURFACE_FLINGER
02-01 15:10:10.003   642   642 E SurfaceFlinger: Attempt to update InputPolicyFlags without permission ACCESS_SURFACE_FLINGER
02-01 15:10:10.036   642   642 E SurfaceFlinger: Attempt to update InputPolicyFlags without permission ACCESS_SURFACE_FLINGER
02-01 15:10:10.064   528   528 E audit   : type=1400 audit(1769938810.061:69617): avc:  denied  { write } for  pid=18519 comm="ThreadPoolForeg" name="traced_producer" dev="tmpfs" ino=12628 scontext=u:r:gmscore_app:s0:c512,c768 tcontext=u:object_r:traced_producer_socket:s0 tclass=sock_file permissive=0 SEPF_SM-N975F_12_0001 audit_filtered
02-01 15:10:10.064   528   528 E audit   : type=1300 audit(1769938810.061:69617): arch=c00000b7 syscall=203 success=no exit=-13 a0=7b a1=729e1608c0 a2=1e a3=ffffffff96824fd5 items=0 ppid=16968 pid=18519 auid=4294967295 uid=10078 gid=10078 euid=10078 suid=10078 fsuid=10078 egid=10078 sgid=10078 fsgid=10078 tty=(none) ses=4294967295 comm="ThreadPoolForeg" exe="/system/bin/app_process64" subj=u:r:gmscore_app:s0:c512,c768 key=(null)
02-01 15:10:10.064   528   528 E audit   : type=1327 audit(1769938810.061:69617): proctitle="com.google.android.gms.persistent"
02-01 15:10:10.069   642   642 E SurfaceFlinger: Attempt to update InputPolicyFlags without permission ACCESS_SURFACE_FLINGER
02-01 15:10:10.119   642   642 E SurfaceFlinger: Attempt to update InputPolicyFlags without permission ACCESS_SURFACE_FLINGER
02-01 15:10:10.153   642   642 E SurfaceFlinger: Attempt to update InputPolicyFlags without permission ACCESS_SURFACE_FLINGER
02-01 15:10:10.203   642   642 E SurfaceFlinger: Attempt to update InputPolicyFlags without permission ACCESS_SURFACE_FLINGER
02-01 15:10:10.237   642   642 E SurfaceFlinger: Attempt to update InputPolicyFlags without permission ACCESS_SURFACE_FLINGER
02-01 15:10:10.270   642   642 E SurfaceFlinger: Attempt to update InputPolicyFlags without permission ACCESS_SURFACE_FLINGER
02-01 15:10:10.320   642   642 E SurfaceFlinger: Attempt to update InputPolicyFlags without permission ACCESS_SURFACE_FLINGER
02-01 15:10:10.353   642   642 E SurfaceFlinger: Attempt to update InputPolicyFlags without permission ACCESS_SURFACE_FLINGER
02-01 15:10:10.403   642   642 E SurfaceFlinger: Attempt to update InputPolicyFlags without permission ACCESS_SURFACE_FLINGER
02-01 15:10:10.436   642   642 E SurfaceFlinger: Attempt to update InputPolicyFlags without permission ACCESS_SURFACE_FLINGER
02-01 15:10:10.470   642   642 E SurfaceFlinger: Attempt to update InputPolicyFlags without permission ACCESS_SURFACE_FLINGER
02-01 15:10:10.520   642   642 E SurfaceFlinger: Attempt to update InputPolicyFlags without permission ACCESS_SURFACE_FLINGER
02-01 15:10:10.553   642   642 E SurfaceFlinger: Attempt to update InputPolicyFlags without permission ACCESS_SURFACE_FLINGER
02-01 15:10:10.603   642   642 E SurfaceFlinger: Attempt to update InputPolicyFlags without permission ACCESS_SURFACE_FLINGER
02-01 15:10:10.637   642   642 E SurfaceFlinger: Attempt to update InputPolicyFlags without permission ACCESS_SURFACE_FLINGER
02-01 15:10:10.670   642   642 E SurfaceFlinger: Attempt to update InputPolicyFlags without permission ACCESS_SURFACE_FLINGER
02-01 15:10:10.720   642   642 E SurfaceFlinger: Attempt to update InputPolicyFlags without permission ACCESS_SURFACE_FLINGER
02-01 15:10:10.754   642   642 E SurfaceFlinger: Attempt to update InputPolicyFlags without permission ACCESS_SURFACE_FLINGER
02-01 15:10:10.804   642   642 E SurfaceFlinger: Attempt to update InputPolicyFlags without permission ACCESS_SURFACE_FLINGER
02-01 15:10:10.837   642   642 E SurfaceFlinger: Attempt to update InputPolicyFlags without permission ACCESS_SURFACE_FLINGER
02-01 15:10:10.870   642   642 E SurfaceFlinger: Attempt to update InputPolicyFlags without permission ACCESS_SURFACE_FLINGER
02-01 15:10:10.921   642   642 E SurfaceFlinger: Attempt to update InputPolicyFlags without permission ACCESS_SURFACE_FLINGER
02-01 15:10:10.954   642   642 E SurfaceFlinger: Attempt to update InputPolicyFlags without permission ACCESS_SURFACE_FLINGER
02-01 15:10:10.978 17204 17204 E android.hardware.health@2.1-service-samsung: Could not open /sys/class/power_supply/battery/lrp
02-01 15:10:11.004   642   642 E SurfaceFlinger: Attempt to update InputPolicyFlags without permission ACCESS_SURFACE_FLINGER
02-01 15:10:11.023 17438 15854 E PowerUI.Notification: no saved value, so we do nothing !!
02-01 15:10:11.032 17438 17438 E IndicatorGardenAlgorithmBasicCutout: NOT MATCH !!!! resourceHeight:114, cutoutHeight:113 ([IndicatorGardenInputProperty]  Rotation(0-0,90-1,180-2,270-3)0, Density:3.5, ScreenWidthSize:1440, CoverSidePadding:0, mIndicatorGardenCenterOffset:15, mCameraCutoutCropSize:0, mGardenPaddingStart:28, mIndicatorCornerPadding:72, mCameraSidePadding:36, mCameraTopMargin:23, DpCutout:DisplayCutout{insets=Rect(0, 113 - 0, 0) waterfall=Insets{left=0, top=0, right=0, bottom=0} boundingRect={Bounds=[Rect(0, 0 - 0, 0), Rect(675, 0 - 765, 113), Rect(0, 0 - 0, 0), Rect(0, 0 - 0, 0)]} cutoutPathParserInfo={CutoutPathParserInfo{displayWidth=1440 displayHeight=3040 density={3.5} cutoutSpec={M 0,0 H -12.85714285714286 V 32.28571428571429 H 12.85714285714286 V 0 H 0 Z @dp} rotation={0} scale={1.0}}}}) 
02-01 15:10:11.032 17438 17438 E IndicatorGardenAlgorithmBasicCutout: NOT MATCH !!!! resourceHeight:114, cutoutHeight:113 ([IndicatorGardenInputProperty]  Rotation(0-0,90-1,180-2,270-3)0, Density:3.5, ScreenWidthSize:1440, CoverSidePadding:0, mIndicatorGardenCenterOffset:15, mCameraCutoutCropSize:0, mGardenPaddingStart:28, mIndicatorCornerPadding:72, mCameraSidePadding:36, mCameraTopMargin:23, DpCutout:DisplayCutout{insets=Rect(0, 113 - 0, 0) waterfall=Insets{left=0, top=0, right=0, bottom=0} boundingRect={Bounds=[Rect(0, 0 - 0, 0), Rect(675, 0 - 765, 113), Rect(0, 0 - 0, 0), Rect(0, 0 - 0, 0)]} cutoutPathParserInfo={CutoutPathParserInfo{displayWidth=1440 displayHeight=3040 density={3.5} cutoutSpec={M 0,0 H -12.85714285714286 V 32.28571428571429 H 12.85714285714286 V 0 H 0 Z @dp} rotation={0} scale={1.0}}}}) 
02-01 15:10:11.037   642   642 E SurfaceFlinger: Attempt to update InputPolicyFlags without permission ACCESS_SURFACE_FLINGER
02-01 15:10:11.066 31641 31641 E roid.apps.turb: Not starting debugger since process cannot load the jdwp agent.
02-01 15:10:11.071   642   642 E SurfaceFlinger: Attempt to update InputPolicyFlags without permission ACCESS_SURFACE_FLINGER
02-01 15:10:11.078 31641 31641 E USNET   : USNET: appName: com.google.android.apps.turbo
02-01 15:10:11.121   642   642 E SurfaceFlinger: Attempt to update InputPolicyFlags without permission ACCESS_SURFACE_FLINGER
02-01 15:10:11.154   642   642 E SurfaceFlinger: Attempt to update InputPolicyFlags without permission ACCESS_SURFACE_FLINGER
02-01 15:10:11.204   642   642 E SurfaceFlinger: Attempt to update InputPolicyFlags without permission ACCESS_SURFACE_FLINGER
02-01 15:10:11.238   642   642 E SurfaceFlinger: Attempt to update InputPolicyFlags without permission ACCESS_SURFACE_FLINGER
02-01 15:10:11.271   642   642 E SurfaceFlinger: Attempt to update InputPolicyFlags without permission ACCESS_SURFACE_FLINGER
02-01 15:10:11.321   642   642 E SurfaceFlinger: Attempt to update InputPolicyFlags without permission ACCESS_SURFACE_FLINGER
02-01 15:10:11.322 31662 31662 E ocess.gservice: Not starting debugger since process cannot load the jdwp agent.
02-01 15:10:11.328 31662 31662 E USNET   : USNET: appName: com.google.process.gservices
02-01 15:10:11.354   642   642 E SurfaceFlinger: Attempt to update InputPolicyFlags without permission ACCESS_SURFACE_FLINGER
02-01 15:10:11.404   642   642 E SurfaceFlinger: Attempt to update InputPolicyFlags without permission ACCESS_SURFACE_FLINGER
02-01 15:10:11.438   642   642 E SurfaceFlinger: Attempt to update InputPolicyFlags without permission ACCESS_SURFACE_FLINGER
02-01 15:10:11.471   642   642 E SurfaceFlinger: Attempt to update InputPolicyFlags without permission ACCESS_SURFACE_FLINGER
02-01 15:10:11.495 31662 31682 E GmsClient: unable to connect to service: com.google.android.gms.gservices.START on com.google.android.gms
02-01 15:10:11.521   642   642 E SurfaceFlinger: Attempt to update InputPolicyFlags without permission ACCESS_SURFACE_FLINGER
02-01 15:10:11.555   642   642 E SurfaceFlinger: Attempt to update InputPolicyFlags without permission ACCESS_SURFACE_FLINGER
02-01 15:10:11.604   642   642 E SurfaceFlinger: Attempt to update InputPolicyFlags without permission ACCESS_SURFACE_FLINGER
02-01 15:10:11.638   642   642 E SurfaceFlinger: Attempt to update InputPolicyFlags without permission ACCESS_SURFACE_FLINGER
02-01 15:10:11.671   642   642 E SurfaceFlinger: Attempt to update InputPolicyFlags without permission ACCESS_SURFACE_FLINGER
02-01 15:10:11.722   642   642 E SurfaceFlinger: Attempt to update InputPolicyFlags without permission ACCESS_SURFACE_FLINGER
02-01 15:10:11.755   642   642 E SurfaceFlinger: Attempt to update InputPolicyFlags without permission ACCESS_SURFACE_FLINGER
02-01 15:10:11.804   642   642 E SurfaceFlinger: Attempt to update InputPolicyFlags without permission ACCESS_SURFACE_FLINGER
02-01 15:10:11.838   642   642 E SurfaceFlinger: Attempt to update InputPolicyFlags without permission ACCESS_SURFACE_FLINGER
02-01 15:10:11.871   642   642 E SurfaceFlinger: Attempt to update InputPolicyFlags without permission ACCESS_SURFACE_FLINGER
02-01 15:10:11.922   642   642 E SurfaceFlinger: Attempt to update InputPolicyFlags without permission ACCESS_SURFACE_FLINGER
02-01 15:10:11.955   642   642 E SurfaceFlinger: Attempt to update InputPolicyFlags without permission ACCESS_SURFACE_FLINGER
02-01 15:10:12.005   642   642 E SurfaceFlinger: Attempt to update InputPolicyFlags without permission ACCESS_SURFACE_FLINGER
02-01 15:10:12.038   642   642 E SurfaceFlinger: Attempt to update InputPolicyFlags without permission ACCESS_SURFACE_FLINGER
02-01 15:10:12.072   642   642 E SurfaceFlinger: Attempt to update InputPolicyFlags without permission ACCESS_SURFACE_FLINGER
02-01 15:10:12.122   642   642 E SurfaceFlinger: Attempt to update InputPolicyFlags without permission ACCESS_SURFACE_FLINGER
02-01 15:10:12.155   642   642 E SurfaceFlinger: Attempt to update InputPolicyFlags without permission ACCESS_SURFACE_FLINGER
02-01 15:10:12.205   642   642 E SurfaceFlinger: Attempt to update InputPolicyFlags without permission ACCESS_SURFACE_FLINGER
02-01 15:10:12.240   642   642 E SurfaceFlinger: Attempt to update InputPolicyFlags without permission ACCESS_SURFACE_FLINGER
02-01 15:10:12.266   528   528 E audit   : type=1400 audit(1769938812.261:69618): avc:  denied  { write } for  pid=19243 comm="PerfettoTrace" name="traced_producer" dev="tmpfs" ino=12628 scontext=u:r:gmscore_app:s0:c512,c768 tcontext=u:object_r:traced_producer_socket:s0 tclass=sock_file permissive=0 SEPF_SM-N975F_12_0001 audit_filtered
02-01 15:10:12.266   528   528 E audit   : type=1300 audit(1769938812.261:69618): arch=c00000b7 syscall=203 success=no exit=-13 a0=66 a1=6e00902e60 a2=1e a3=ffffffff96824fd5 items=0 ppid=16968 pid=19243 auid=4294967295 uid=10078 gid=10078 euid=10078 suid=10078 fsuid=10078 egid=10078 sgid=10078 fsgid=10078 tty=(none) ses=4294967295 comm="PerfettoTrace" exe="/system/bin/app_process64" subj=u:r:gmscore_app:s0:c512,c768 key=(null)
02-01 15:10:12.266   528   528 E audit   : type=1327 audit(1769938812.261:69618): proctitle="com.google.android.gms"
02-01 15:10:12.272   642   642 E SurfaceFlinger: Attempt to update InputPolicyFlags without permission ACCESS_SURFACE_FLINGER
02-01 15:10:12.322   642   642 E SurfaceFlinger: Attempt to update InputPolicyFlags without permission ACCESS_SURFACE_FLINGER
02-01 15:10:12.356   642   642 E SurfaceFlinger: Attempt to update InputPolicyFlags without permission ACCESS_SURFACE_FLINGER
02-01 15:10:12.405   642   642 E SurfaceFlinger: Attempt to update InputPolicyFlags without permission ACCESS_SURFACE_FLINGER
02-01 15:10:12.438   642   642 E SurfaceFlinger: Attempt to update InputPolicyFlags without permission ACCESS_SURFACE_FLINGER
02-01 15:10:12.472   642   642 E SurfaceFlinger: Attempt to update InputPolicyFlags without permission ACCESS_SURFACE_FLINGER
02-01 15:10:12.522   642   642 E SurfaceFlinger: Attempt to update InputPolicyFlags without permission ACCESS_SURFACE_FLINGER
02-01 15:10:12.556   642   642 E SurfaceFlinger: Attempt to update InputPolicyFlags without permission ACCESS_SURFACE_FLINGER
02-01 15:10:12.606   642   642 E SurfaceFlinger: Attempt to update InputPolicyFlags without permission ACCESS_SURFACE_FLINGER
02-01 15:10:12.639   642   642 E SurfaceFlinger: Attempt to update InputPolicyFlags without permission ACCESS_SURFACE_FLINGER
02-01 15:10:12.672   642   642 E SurfaceFlinger: Attempt to update InputPolicyFlags without permission ACCESS_SURFACE_FLINGER
02-01 15:10:12.722   642   642 E SurfaceFlinger: Attempt to update InputPolicyFlags without permission ACCESS_SURFACE_FLINGER
02-01 15:10:12.756   642   642 E SurfaceFlinger: Attempt to update InputPolicyFlags without permission ACCESS_SURFACE_FLINGER
02-01 15:10:12.806   642   642 E SurfaceFlinger: Attempt to update InputPolicyFlags without permission ACCESS_SURFACE_FLINGER
02-01 15:10:12.842   642   642 E SurfaceFlinger: Attempt to update InputPolicyFlags without permission ACCESS_SURFACE_FLINGER
02-01 15:10:12.875   642   642 E SurfaceFlinger: Attempt to update InputPolicyFlags without permission ACCESS_SURFACE_FLINGER
02-01 15:10:12.922   642   642 E SurfaceFlinger: Attempt to update InputPolicyFlags without permission ACCESS_SURFACE_FLINGER
02-01 15:10:12.956   642   642 E SurfaceFlinger: Attempt to update InputPolicyFlags without permission ACCESS_SURFACE_FLINGER
02-01 15:10:13.006   642   642 E SurfaceFlinger: Attempt to update InputPolicyFlags without permission ACCESS_SURFACE_FLINGER
02-01 15:10:13.043   642   642 E SurfaceFlinger: Attempt to update InputPolicyFlags without permission ACCESS_SURFACE_FLINGER
02-01 15:10:13.072   642   642 E SurfaceFlinger: Attempt to update InputPolicyFlags without permission ACCESS_SURFACE_FLINGER
02-01 15:10:13.123   642   642 E SurfaceFlinger: Attempt to update InputPolicyFlags without permission ACCESS_SURFACE_FLINGER
02-01 15:10:13.156   642   642 E SurfaceFlinger: Attempt to update InputPolicyFlags without permission ACCESS_SURFACE_FLINGER
02-01 15:10:13.206   642   642 E SurfaceFlinger: Attempt to update InputPolicyFlags without permission ACCESS_SURFACE_FLINGER
02-01 15:10:13.239   642   642 E SurfaceFlinger: Attempt to update InputPolicyFlags without permission ACCESS_SURFACE_FLINGER
02-01 15:10:13.252   528   528 E audit   : type=1400 audit(1769938813.249:69619): avc:  denied  { write } for  pid=21550 comm="ThreadPoolForeg" name="traced_producer" dev="tmpfs" ino=12628 scontext=u:r:gmscore_app:s0:c512,c768 tcontext=u:object_r:traced_producer_socket:s0 tclass=sock_file permissive=0 SEPF_SM-N975F_12_0001 audit_filtered
02-01 15:10:13.252   528   528 E audit   : type=1300 audit(1769938813.249:69619): arch=c00000b7 syscall=203 success=no exit=-13 a0=50 a1=729e0bda80 a2=1e a3=ffffffff96824fd5 items=0 ppid=16968 pid=21550 auid=4294967295 uid=9510078 gid=9510078 euid=9510078 suid=9510078 fsuid=9510078 egid=9510078 sgid=9510078 fsgid=9510078 tty=(none) ses=4294967295 comm="ThreadPoolForeg" exe="/system/bin/app_process64" subj=u:r:gmscore_app:s0:c512,c768 key=(null)
02-01 15:10:13.273   642   642 E SurfaceFlinger: Attempt to update InputPolicyFlags without permission ACCESS_SURFACE_FLINGER
02-01 15:10:13.323   642   642 E SurfaceFlinger: Attempt to update InputPolicyFlags without permission ACCESS_SURFACE_FLINGER
02-01 15:10:13.356   642   642 E SurfaceFlinger: Attempt to update InputPolicyFlags without permission ACCESS_SURFACE_FLINGER
02-01 15:10:13.406   642   642 E SurfaceFlinger: Attempt to update InputPolicyFlags without permission ACCESS_SURFACE_FLINGER
02-01 15:10:13.440   642   642 E SurfaceFlinger: Attempt to update InputPolicyFlags without permission ACCESS_SURFACE_FLINGER
02-01 15:10:13.473   642   642 E SurfaceFlinger: Attempt to update InputPolicyFlags without permission ACCESS_SURFACE_FLINGER
02-01 15:10:13.523   642   642 E SurfaceFlinger: Attempt to update InputPolicyFlags without permission ACCESS_SURFACE_FLINGER
02-01 15:10:13.556   642   642 E SurfaceFlinger: Attempt to update InputPolicyFlags without permission ACCESS_SURFACE_FLINGER
02-01 15:10:13.606   642   642 E SurfaceFlinger: Attempt to update InputPolicyFlags without permission ACCESS_SURFACE_FLINGER
02-01 15:10:13.640   642   642 E SurfaceFlinger: Attempt to update InputPolicyFlags without permission ACCESS_SURFACE_FLINGER
02-01 15:10:13.673   642   642 E SurfaceFlinger: Attempt to update InputPolicyFlags without permission ACCESS_SURFACE_FLINGER
02-01 15:10:13.723   642   642 E SurfaceFlinger: Attempt to update InputPolicyFlags without permission ACCESS_SURFACE_FLINGER
02-01 15:10:13.756   642   642 E SurfaceFlinger: Attempt to update InputPolicyFlags without permission ACCESS_SURFACE_FLINGER
02-01 15:10:13.790   642   642 E SurfaceFlinger: Attempt to update InputPolicyFlags without permission ACCESS_SURFACE_FLINGER
02-01 15:10:13.823   642   642 E SurfaceFlinger: Attempt to update InputPolicyFlags without permission ACCESS_SURFACE_FLINGER
02-01 15:10:13.873   642   642 E SurfaceFlinger: Attempt to update InputPolicyFlags without permission ACCESS_SURFACE_FLINGER
02-01 15:10:13.907   642   642 E SurfaceFlinger: Attempt to update InputPolicyFlags without permission ACCESS_SURFACE_FLINGER
02-01 15:10:13.956   642   642 E SurfaceFlinger: Attempt to update InputPolicyFlags without permission ACCESS_SURFACE_FLINGER
02-01 15:10:13.990   642   642 E SurfaceFlinger: Attempt to update InputPolicyFlags without permission ACCESS_SURFACE_FLINGER
02-01 15:10:14.023   642   642 E SurfaceFlinger: Attempt to update InputPolicyFlags without permission ACCESS_SURFACE_FLINGER
02-01 15:10:14.073   642   642 E SurfaceFlinger: Attempt to update InputPolicyFlags without permission ACCESS_SURFACE_FLINGER
02-01 15:10:14.107   642   642 E SurfaceFlinger: Attempt to update InputPolicyFlags without permission ACCESS_SURFACE_FLINGER
02-01 15:10:14.157   642   642 E SurfaceFlinger: Attempt to update InputPolicyFlags without permission ACCESS_SURFACE_FLINGER
02-01 15:10:14.191   642   642 E SurfaceFlinger: Attempt to update InputPolicyFlags without permission ACCESS_SURFACE_FLINGER
02-01 15:10:14.224   642   642 E SurfaceFlinger: Attempt to update InputPolicyFlags without permission ACCESS_SURFACE_FLINGER
02-01 15:10:14.274   642   642 E SurfaceFlinger: Attempt to update InputPolicyFlags without permission ACCESS_SURFACE_FLINGER
02-01 15:10:14.307   642   642 E SurfaceFlinger: Attempt to update InputPolicyFlags without permission ACCESS_SURFACE_FLINGER
02-01 15:10:14.357   642   642 E SurfaceFlinger: Attempt to update InputPolicyFlags without permission ACCESS_SURFACE_FLINGER
02-01 15:10:14.391   642   642 E SurfaceFlinger: Attempt to update InputPolicyFlags without permission ACCESS_SURFACE_FLINGER
02-01 15:10:14.424   642   642 E SurfaceFlinger: Attempt to update InputPolicyFlags without permission ACCESS_SURFACE_FLINGER
02-01 15:10:14.474   642   642 E SurfaceFlinger: Attempt to update InputPolicyFlags without permission ACCESS_SURFACE_FLINGER
02-01 15:10:14.508   642   642 E SurfaceFlinger: Attempt to update InputPolicyFlags without permission ACCESS_SURFACE_FLINGER
02-01 15:10:14.558   642   642 E SurfaceFlinger: Attempt to update InputPolicyFlags without permission ACCESS_SURFACE_FLINGER
02-01 15:10:14.591   642   642 E SurfaceFlinger: Attempt to update InputPolicyFlags without permission ACCESS_SURFACE_FLINGER
02-01 15:10:14.624   642   642 E SurfaceFlinger: Attempt to update InputPolicyFlags without permission ACCESS_SURFACE_FLINGER
02-01 15:10:14.675   642   642 E SurfaceFlinger: Attempt to update InputPolicyFlags without permission ACCESS_SURFACE_FLINGER
02-01 15:10:14.708   642   642 E SurfaceFlinger: Attempt to update InputPolicyFlags without permission ACCESS_SURFACE_FLINGER
02-01 15:10:14.757   642   642 E SurfaceFlinger: Attempt to update InputPolicyFlags without permission ACCESS_SURFACE_FLINGER
02-01 15:10:14.791   642   642 E SurfaceFlinger: Attempt to update InputPolicyFlags without permission ACCESS_SURFACE_FLINGER
02-01 15:10:14.824   642   642 E SurfaceFlinger: Attempt to update InputPolicyFlags without permission ACCESS_SURFACE_FLINGER
02-01 15:10:14.874   642   642 E SurfaceFlinger: Attempt to update InputPolicyFlags without permission ACCESS_SURFACE_FLINGER
02-01 15:10:14.908   642   642 E SurfaceFlinger: Attempt to update InputPolicyFlags without permission ACCESS_SURFACE_FLINGER
02-01 15:10:14.960   642   642 E SurfaceFlinger: Attempt to update InputPolicyFlags without permission ACCESS_SURFACE_FLINGER
02-01 15:10:14.991   642   642 E SurfaceFlinger: Attempt to update InputPolicyFlags without permission ACCESS_SURFACE_FLINGER
02-01 15:10:15.025   642   642 E SurfaceFlinger: Attempt to update InputPolicyFlags without permission ACCESS_SURFACE_FLINGER
02-01 15:10:15.075   642   642 E SurfaceFlinger: Attempt to update InputPolicyFlags without permission ACCESS_SURFACE_FLINGER
02-01 15:10:15.108   642   642 E SurfaceFlinger: Attempt to update InputPolicyFlags without permission ACCESS_SURFACE_FLINGER
02-01 15:10:15.162   642   642 E SurfaceFlinger: Attempt to update InputPolicyFlags without permission ACCESS_SURFACE_FLINGER
02-01 15:10:15.192   642   642 E SurfaceFlinger: Attempt to update InputPolicyFlags without permission ACCESS_SURFACE_FLINGER
02-01 15:10:15.225   642   642 E SurfaceFlinger: Attempt to update InputPolicyFlags without permission ACCESS_SURFACE_FLINGER
02-01 15:10:15.275   642   642 E SurfaceFlinger: Attempt to update InputPolicyFlags without permission ACCESS_SURFACE_FLINGER
02-01 15:10:15.308   642   642 E SurfaceFlinger: Attempt to update InputPolicyFlags without permission ACCESS_SURFACE_FLINGER
02-01 15:10:15.358   642   642 E SurfaceFlinger: Attempt to update InputPolicyFlags without permission ACCESS_SURFACE_FLINGER
02-01 15:10:15.391   642   642 E SurfaceFlinger: Attempt to update InputPolicyFlags without permission ACCESS_SURFACE_FLINGER
02-01 15:10:15.425   642   642 E SurfaceFlinger: Attempt to update InputPolicyFlags without permission ACCESS_SURFACE_FLINGER
02-01 15:10:15.475   642   642 E SurfaceFlinger: Attempt to update InputPolicyFlags without permission ACCESS_SURFACE_FLINGER
02-01 15:10:15.508   642   642 E SurfaceFlinger: Attempt to update InputPolicyFlags without permission ACCESS_SURFACE_FLINGER
02-01 15:10:15.558   642   642 E SurfaceFlinger: Attempt to update InputPolicyFlags without permission ACCESS_SURFACE_FLINGER
02-01 15:10:15.592   642   642 E SurfaceFlinger: Attempt to update InputPolicyFlags without permission ACCESS_SURFACE_FLINGER
02-01 15:10:15.625   642   642 E SurfaceFlinger: Attempt to update InputPolicyFlags without permission ACCESS_SURFACE_FLINGER
02-01 15:10:15.675   642   642 E SurfaceFlinger: Attempt to update InputPolicyFlags without permission ACCESS_SURFACE_FLINGER
02-01 15:10:15.708   642   642 E SurfaceFlinger: Attempt to update InputPolicyFlags without permission ACCESS_SURFACE_FLINGER
02-01 15:10:15.759   642   642 E SurfaceFlinger: Attempt to update InputPolicyFlags without permission ACCESS_SURFACE_FLINGER
02-01 15:10:15.792   642   642 E SurfaceFlinger: Attempt to update InputPolicyFlags without permission ACCESS_SURFACE_FLINGER
02-01 15:10:15.826   642   642 E SurfaceFlinger: Attempt to update InputPolicyFlags without permission ACCESS_SURFACE_FLINGER
02-01 15:10:15.875   642   642 E SurfaceFlinger: Attempt to update InputPolicyFlags without permission ACCESS_SURFACE_FLINGER
02-01 15:10:15.909   642   642 E SurfaceFlinger: Attempt to update InputPolicyFlags without permission ACCESS_SURFACE_FLINGER
02-01 15:10:15.936 17111 17148 E system_server: Cannot read thread CPU times for PID 17111
02-01 15:10:15.959   642   642 E SurfaceFlinger: Attempt to update InputPolicyFlags without permission ACCESS_SURFACE_FLINGER
02-01 15:10:15.992   642   642 E SurfaceFlinger: Attempt to update InputPolicyFlags without permission ACCESS_SURFACE_FLINGER
02-01 15:10:16.026   642   642 E SurfaceFlinger: Attempt to update InputPolicyFlags without permission ACCESS_SURFACE_FLINGER
02-01 15:10:16.038 17111 17148 E system_server: Cannot read thread CPU times for PID 17111
02-01 15:10:16.076   642   642 E SurfaceFlinger: Attempt to update InputPolicyFlags without permission ACCESS_SURFACE_FLINGER
02-01 15:10:16.109   642   642 E SurfaceFlinger: Attempt to update InputPolicyFlags without permission ACCESS_SURFACE_FLINGER
02-01 15:10:16.159   642   642 E SurfaceFlinger: Attempt to update InputPolicyFlags without permission ACCESS_SURFACE_FLINGER
02-01 15:10:16.193   642   642 E SurfaceFlinger: Attempt to update InputPolicyFlags without permission ACCESS_SURFACE_FLINGER
02-01 15:10:16.226   642   642 E SurfaceFlinger: Attempt to update InputPolicyFlags without permission ACCESS_SURFACE_FLINGER
02-01 15:10:16.276   642   642 E SurfaceFlinger: Attempt to update InputPolicyFlags without permission ACCESS_SURFACE_FLINGER
02-01 15:10:16.309   642   642 E SurfaceFlinger: Attempt to update InputPolicyFlags without permission ACCESS_SURFACE_FLINGER
02-01 15:10:16.359   642   642 E SurfaceFlinger: Attempt to update InputPolicyFlags without permission ACCESS_SURFACE_FLINGER
02-01 15:10:16.393   642   642 E SurfaceFlinger: Attempt to update InputPolicyFlags without permission ACCESS_SURFACE_FLINGER
02-01 15:10:16.426   642   642 E SurfaceFlinger: Attempt to update InputPolicyFlags without permission ACCESS_SURFACE_FLINGER
02-01 15:10:16.477   642   642 E SurfaceFlinger: Attempt to update InputPolicyFlags without permission ACCESS_SURFACE_FLINGER
02-01 15:10:16.509   642   642 E SurfaceFlinger: Attempt to update InputPolicyFlags without permission ACCESS_SURFACE_FLINGER
02-01 15:10:16.559   642   642 E SurfaceFlinger: Attempt to update InputPolicyFlags without permission ACCESS_SURFACE_FLINGER
02-01 15:10:16.593   642   642 E SurfaceFlinger: Attempt to update InputPolicyFlags without permission ACCESS_SURFACE_FLINGER
02-01 15:10:16.626   642   642 E SurfaceFlinger: Attempt to update InputPolicyFlags without permission ACCESS_SURFACE_FLINGER
02-01 15:10:16.680   642   642 E SurfaceFlinger: Attempt to update InputPolicyFlags without permission ACCESS_SURFACE_FLINGER
02-01 15:10:16.710   642   642 E SurfaceFlinger: Attempt to update InputPolicyFlags without permission ACCESS_SURFACE_FLINGER
02-01 15:10:16.760   642   642 E SurfaceFlinger: Attempt to update InputPolicyFlags without permission ACCESS_SURFACE_FLINGER
02-01 15:10:16.793   642   642 E SurfaceFlinger: Attempt to update InputPolicyFlags without permission ACCESS_SURFACE_FLINGER
02-01 15:10:16.826   642   642 E SurfaceFlinger: Attempt to update InputPolicyFlags without permission ACCESS_SURFACE_FLINGER
02-01 15:10:16.876   642   642 E SurfaceFlinger: Attempt to update InputPolicyFlags without permission ACCESS_SURFACE_FLINGER
02-01 15:10:16.910   642   642 E SurfaceFlinger: Attempt to update InputPolicyFlags without permission ACCESS_SURFACE_FLINGER
02-01 15:10:16.960   642   642 E SurfaceFlinger: Attempt to update InputPolicyFlags without permission ACCESS_SURFACE_FLINGER
02-01 15:10:16.993   642   642 E SurfaceFlinger: Attempt to update InputPolicyFlags without permission ACCESS_SURFACE_FLINGER
02-01 15:10:17.027   642   642 E SurfaceFlinger: Attempt to update InputPolicyFlags without permission ACCESS_SURFACE_FLINGER
02-01 15:10:17.077   642   642 E SurfaceFlinger: Attempt to update InputPolicyFlags without permission ACCESS_SURFACE_FLINGER
02-01 15:10:17.110   642   642 E SurfaceFlinger: Attempt to update InputPolicyFlags without permission ACCESS_SURFACE_FLINGER
02-01 15:10:17.160   642   642 E SurfaceFlinger: Attempt to update InputPolicyFlags without permission ACCESS_SURFACE_FLINGER
02-01 15:10:17.193   642   642 E SurfaceFlinger: Attempt to update InputPolicyFlags without permission ACCESS_SURFACE_FLINGER
02-01 15:10:17.227   642   642 E SurfaceFlinger: Attempt to update InputPolicyFlags without permission ACCESS_SURFACE_FLINGER
02-01 15:10:17.277   642   642 E SurfaceFlinger: Attempt to update InputPolicyFlags without permission ACCESS_SURFACE_FLINGER
02-01 15:10:17.310   642   642 E SurfaceFlinger: Attempt to update InputPolicyFlags without permission ACCESS_SURFACE_FLINGER
02-01 15:10:17.360   642   642 E SurfaceFlinger: Attempt to update InputPolicyFlags without permission ACCESS_SURFACE_FLINGER
02-01 15:10:17.393   642   642 E SurfaceFlinger: Attempt to update InputPolicyFlags without permission ACCESS_SURFACE_FLINGER
02-01 15:10:17.427   642   642 E SurfaceFlinger: Attempt to update InputPolicyFlags without permission ACCESS_SURFACE_FLINGER
02-01 15:10:17.477   642   642 E SurfaceFlinger: Attempt to update InputPolicyFlags without permission ACCESS_SURFACE_FLINGER
02-01 15:10:17.510   642   642 E SurfaceFlinger: Attempt to update InputPolicyFlags without permission ACCESS_SURFACE_FLINGER
02-01 15:10:17.560   642   642 E SurfaceFlinger: Attempt to update InputPolicyFlags without permission ACCESS_SURFACE_FLINGER
02-01 15:10:17.594   642   642 E SurfaceFlinger: Attempt to update InputPolicyFlags without permission ACCESS_SURFACE_FLINGER
02-01 15:10:17.627   642   642 E SurfaceFlinger: Attempt to update InputPolicyFlags without permission ACCESS_SURFACE_FLINGER
02-01 15:10:17.677   642   642 E SurfaceFlinger: Attempt to update InputPolicyFlags without permission ACCESS_SURFACE_FLINGER
02-01 15:10:17.711   642   642 E SurfaceFlinger: Attempt to update InputPolicyFlags without permission ACCESS_SURFACE_FLINGER
02-01 15:10:17.762   642   642 E SurfaceFlinger: Attempt to update InputPolicyFlags without permission ACCESS_SURFACE_FLINGER
02-01 15:10:17.794   642   642 E SurfaceFlinger: Attempt to update InputPolicyFlags without permission ACCESS_SURFACE_FLINGER
02-01 15:10:17.828   642   642 E SurfaceFlinger: Attempt to update InputPolicyFlags without permission ACCESS_SURFACE_FLINGER
02-01 15:10:17.877   642   642 E SurfaceFlinger: Attempt to update InputPolicyFlags without permission ACCESS_SURFACE_FLINGER
02-01 15:10:17.911   642   642 E SurfaceFlinger: Attempt to update InputPolicyFlags without permission ACCESS_SURFACE_FLINGER
02-01 15:10:17.961   642   642 E SurfaceFlinger: Attempt to update InputPolicyFlags without permission ACCESS_SURFACE_FLINGER
02-01 15:10:17.994   642   642 E SurfaceFlinger: Attempt to update InputPolicyFlags without permission ACCESS_SURFACE_FLINGER
02-01 15:10:18.028   642   642 E SurfaceFlinger: Attempt to update InputPolicyFlags without permission ACCESS_SURFACE_FLINGER
02-01 15:10:18.078   642   642 E SurfaceFlinger: Attempt to update InputPolicyFlags without permission ACCESS_SURFACE_FLINGER
02-01 15:10:18.111   642   642 E SurfaceFlinger: Attempt to update InputPolicyFlags without permission ACCESS_SURFACE_FLINGER
02-01 15:10:18.161   642   642 E SurfaceFlinger: Attempt to update InputPolicyFlags without permission ACCESS_SURFACE_FLINGER
02-01 15:10:18.196   642   642 E SurfaceFlinger: Attempt to update InputPolicyFlags without permission ACCESS_SURFACE_FLINGER
02-01 15:10:18.228   642   642 E SurfaceFlinger: Attempt to update InputPolicyFlags without permission ACCESS_SURFACE_FLINGER
02-01 15:10:18.279   642   642 E SurfaceFlinger: Attempt to update InputPolicyFlags without permission ACCESS_SURFACE_FLINGER
02-01 15:10:18.311   642   642 E SurfaceFlinger: Attempt to update InputPolicyFlags without permission ACCESS_SURFACE_FLINGER
02-01 15:10:18.361   642   642 E SurfaceFlinger: Attempt to update InputPolicyFlags without permission ACCESS_SURFACE_FLINGER
02-01 15:10:18.396   642   642 E SurfaceFlinger: Attempt to update InputPolicyFlags without permission ACCESS_SURFACE_FLINGER
02-01 15:10:18.428   642   642 E SurfaceFlinger: Attempt to update InputPolicyFlags without permission ACCESS_SURFACE_FLINGER
02-01 15:10:18.478   642   642 E SurfaceFlinger: Attempt to update InputPolicyFlags without permission ACCESS_SURFACE_FLINGER
02-01 15:10:18.512   642   642 E SurfaceFlinger: Attempt to update InputPolicyFlags without permission ACCESS_SURFACE_FLINGER
02-01 15:10:18.561   642   642 E SurfaceFlinger: Attempt to update InputPolicyFlags without permission ACCESS_SURFACE_FLINGER
02-01 15:10:18.595   642   642 E SurfaceFlinger: Attempt to update InputPolicyFlags without permission ACCESS_SURFACE_FLINGER
02-01 15:10:18.629   642   642 E SurfaceFlinger: Attempt to update InputPolicyFlags without permission ACCESS_SURFACE_FLINGER
02-01 15:10:18.678   642   642 E SurfaceFlinger: Attempt to update InputPolicyFlags without permission ACCESS_SURFACE_FLINGER
02-01 15:10:18.712   642   642 E SurfaceFlinger: Attempt to update InputPolicyFlags without permission ACCESS_SURFACE_FLINGER
02-01 15:10:18.762   642   642 E SurfaceFlinger: Attempt to update InputPolicyFlags without permission ACCESS_SURFACE_FLINGER
02-01 15:10:18.798   642   642 E SurfaceFlinger: Attempt to update InputPolicyFlags without permission ACCESS_SURFACE_FLINGER
02-01 15:10:18.829   642   642 E SurfaceFlinger: Attempt to update InputPolicyFlags without permission ACCESS_SURFACE_FLINGER
02-01 15:10:18.878   642   642 E SurfaceFlinger: Attempt to update InputPolicyFlags without permission ACCESS_SURFACE_FLINGER
02-01 15:10:18.899   573   573 E Sensors : inject_scontext_data: New ssp_data_injection_fd(40)
02-01 15:10:18.912 17111 17225 E SemContext.CaeProvider: setAttribute() : attribute is null!
02-01 15:10:18.912   642   642 E SurfaceFlinger: Attempt to update InputPolicyFlags without permission ACCESS_SURFACE_FLINGER
02-01 15:10:18.922 17111 17225 E SensorService: BigData:Pakage) 5 already enabled. 
02-01 15:10:18.962   642   642 E SurfaceFlinger: Attempt to update InputPolicyFlags without permission ACCESS_SURFACE_FLINGER
02-01 15:10:18.995   642   642 E SurfaceFlinger: Attempt to update InputPolicyFlags without permission ACCESS_SURFACE_FLINGER
02-01 15:10:19.029   642   642 E SurfaceFlinger: Attempt to update InputPolicyFlags without permission ACCESS_SURFACE_FLINGER
02-01 15:10:19.078   642   642 E SurfaceFlinger: Attempt to update InputPolicyFlags without permission ACCESS_SURFACE_FLINGER
02-01 15:10:19.112   642   642 E SurfaceFlinger: Attempt to update InputPolicyFlags without permission ACCESS_SURFACE_FLINGER
02-01 15:10:19.162   642   642 E SurfaceFlinger: Attempt to update InputPolicyFlags without permission ACCESS_SURFACE_FLINGER
02-01 15:10:19.178   573   573 E Sensors : inject_scontext_data: New ssp_data_injection_fd(40)
02-01 15:10:19.195   642   642 E SurfaceFlinger: Attempt to update InputPolicyFlags without permission ACCESS_SURFACE_FLINGER
02-01 15:10:19.229   642   642 E SurfaceFlinger: Attempt to update InputPolicyFlags without permission ACCESS_SURFACE_FLINGER
02-01 15:10:19.280   642   642 E SurfaceFlinger: Attempt to update InputPolicyFlags without permission ACCESS_SURFACE_FLINGER
