02-01 15:10:32.127   642   642 E SurfaceFlinger: Attempt to update InputPolicyFlags without permission ACCESS_SURFACE_FLINGER
02-01 15:10:32.158   642   642 E SurfaceFlinger: Attempt to update InputPolicyFlags without permission ACCESS_SURFACE_FLINGER
02-01 15:10:32.192   642   642 E SurfaceFlinger: Attempt to update InputPolicyFlags without permission ACCESS_SURFACE_FLINGER
02-01 15:10:32.242   642   642 E SurfaceFlinger: Attempt to update InputPolicyFlags without permission ACCESS_SURFACE_FLINGER
02-01 15:10:32.275   642   642 E SurfaceFlinger: Attempt to update InputPolicyFlags without permission ACCESS_SURFACE_FLINGER
02-01 15:10:32.329   642   642 E SurfaceFlinger: Attempt to update InputPolicyFlags without permission ACCESS_SURFACE_FLINGER
02-01 15:10:32.359   642   642 E SurfaceFlinger: Attempt to update InputPolicyFlags without permission ACCESS_SURFACE_FLINGER
02-01 15:10:32.392   642   642 E SurfaceFlinger: Attempt to update InputPolicyFlags without permission ACCESS_SURFACE_FLINGER
02-01 15:10:32.442   642   642 E SurfaceFlinger: Attempt to update InputPolicyFlags without permission ACCESS_SURFACE_FLINGER
02-01 15:10:32.475   642   642 E SurfaceFlinger: Attempt to update InputPolicyFlags without permission ACCESS_SURFACE_FLINGER
02-01 15:10:32.526   642   642 E SurfaceFlinger: Attempt to update InputPolicyFlags without permission ACCESS_SURFACE_FLINGER
02-01 15:10:32.559   642   642 E SurfaceFlinger: Attempt to update InputPolicyFlags without permission ACCESS_SURFACE_FLINGER
02-01 15:10:32.593   642   642 E SurfaceFlinger: Attempt to update InputPolicyFlags without permission ACCESS_SURFACE_FLINGER
02-01 15:10:32.643   642   642 E SurfaceFlinger: Attempt to update InputPolicyFlags without permission ACCESS_SURFACE_FLINGER
02-01 15:10:32.676   642   642 E SurfaceFlinger: Attempt to update InputPolicyFlags without permission ACCESS_SURFACE_FLINGER
02-01 15:10:32.726   642   642 E SurfaceFlinger: Attempt to update InputPolicyFlags without permission ACCESS_SURFACE_FLINGER
02-01 15:10:32.759   642   642 E SurfaceFlinger: Attempt to update InputPolicyFlags without permission ACCESS_SURFACE_FLINGER
02-01 15:10:32.792   642   642 E SurfaceFlinger: Attempt to update InputPolicyFlags without permission ACCESS_SURFACE_FLINGER
02-01 15:10:32.842   642   642 E SurfaceFlinger: Attempt to update InputPolicyFlags without permission ACCESS_SURFACE_FLINGER
02-01 15:10:32.876   642   642 E SurfaceFlinger: Attempt to update InputPolicyFlags without permission ACCESS_SURFACE_FLINGER
02-01 15:10:32.926   642   642 E SurfaceFlinger: Attempt to update InputPolicyFlags without permission ACCESS_SURFACE_FLINGER
02-01 15:10:32.960   642   642 E SurfaceFlinger: Attempt to update InputPolicyFlags without permission ACCESS_SURFACE_FLINGER
02-01 15:10:32.993   642   642 E SurfaceFlinger: Attempt to update InputPolicyFlags without permission ACCESS_SURFACE_FLINGER
02-01 15:10:33.043   642   642 E SurfaceFlinger: Attempt to update InputPolicyFlags without permission ACCESS_SURFACE_FLINGER
02-01 15:10:33.076   642   642 E SurfaceFlinger: Attempt to update InputPolicyFlags without permission ACCESS_SURFACE_FLINGER
02-01 15:10:33.126   642   642 E SurfaceFlinger: Attempt to update InputPolicyFlags without permission ACCESS_SURFACE_FLINGER
02-01 15:10:33.160   642   642 E SurfaceFlinger: Attempt to update InputPolicyFlags without permission ACCESS_SURFACE_FLINGER
02-01 15:10:33.193   642   642 E SurfaceFlinger: Attempt to update InputPolicyFlags without permission ACCESS_SURFACE_FLINGER
02-01 15:10:33.243   642   642 E SurfaceFlinger: Attempt to update InputPolicyFlags without permission ACCESS_SURFACE_FLINGER
02-01 15:10:33.277   642   642 E SurfaceFlinger: Attempt to update InputPolicyFlags without permission ACCESS_SURFACE_FLINGER
02-01 15:10:33.310   642   642 E SurfaceFlinger: Attempt to update InputPolicyFlags without permission ACCESS_SURFACE_FLINGER
02-01 15:10:33.343   642   642 E SurfaceFlinger: Attempt to update InputPolicyFlags without permission ACCESS_SURFACE_FLINGER
02-01 15:10:33.394   642   642 E SurfaceFlinger: Attempt to update InputPolicyFlags without permission ACCESS_SURFACE_FLINGER
02-01 15:10:33.427   642   642 E SurfaceFlinger: Attempt to update InputPolicyFlags without permission ACCESS_SURFACE_FLINGER
02-01 15:10:33.476   642   642 E SurfaceFlinger: Attempt to update InputPolicyFlags without permission ACCESS_SURFACE_FLINGER
02-01 15:10:33.510   642   642 E SurfaceFlinger: Attempt to update InputPolicyFlags without permission ACCESS_SURFACE_FLINGER
02-01 15:10:33.545   642   642 E SurfaceFlinger: Attempt to update InputPolicyFlags without permission ACCESS_SURFACE_FLINGER
02-01 15:10:33.593   642   642 E SurfaceFlinger: Attempt to update InputPolicyFlags without permission ACCESS_SURFACE_FLINGER
02-01 15:10:33.627   642   642 E SurfaceFlinger: Attempt to update InputPolicyFlags without permission ACCESS_SURFACE_FLINGER
02-01 15:10:33.677   642   642 E SurfaceFlinger: Attempt to update InputPolicyFlags without permission ACCESS_SURFACE_FLINGER
02-01 15:10:33.710   642   642 E SurfaceFlinger: Attempt to update InputPolicyFlags without permission ACCESS_SURFACE_FLINGER
02-01 15:10:33.745   642   642 E SurfaceFlinger: Attempt to update InputPolicyFlags without permission ACCESS_SURFACE_FLINGER
02-01 15:10:33.794   642   642 E SurfaceFlinger: Attempt to update InputPolicyFlags without permission ACCESS_SURFACE_FLINGER
02-01 15:10:33.827   642   642 E SurfaceFlinger: Attempt to update InputPolicyFlags without permission ACCESS_SURFACE_FLINGER
02-01 15:10:33.877   642   642 E SurfaceFlinger: Attempt to update InputPolicyFlags without permission ACCESS_SURFACE_FLINGER
02-01 15:10:33.910   642   642 E SurfaceFlinger: Attempt to update InputPolicyFlags without permission ACCESS_SURFACE_FLINGER
02-01 15:10:33.922   528   528 E audit   : type=1400 audit(1769938833.917:69623): avc:  denied  { write } for  pid=28390 comm="ThreadPoolForeg" name="traced_producer" dev="tmpfs" ino=12628 scontext=u:r:gmscore_app:s0:c662,c768 tcontext=u:object_r:traced_producer_socket:s0 tclass=sock_file permissive=0 SEPF_SM-N975F_12_0001 audit_filtered
02-01 15:10:33.922   528   528 E audit   : type=1300 audit(1769938833.917:69623): arch=c00000b7 syscall=203 success=no exit=-13 a0=5e a1=729e0a1f40 a2=1e a3=ffffffff96824fd5 items=0 ppid=16968 pid=28390 auid=4294967295 uid=15010078 gid=15010078 euid=15010078 suid=15010078 fsuid=15010078 egid=15010078 sgid=15010078 fsgid=15010078 tty=(none) ses=4294967295 comm="ThreadPoolForeg" exe="/system/bin/app_process64" subj=u:r:gmscore_app:s0:c662,c768 key=(null)
02-01 15:10:33.922   528   528 E audit   : type=1327 audit(1769938833.917:69623): proctitle="com.google.android.gms"
02-01 15:10:33.946   642   642 E SurfaceFlinger: Attempt to update InputPolicyFlags without permission ACCESS_SURFACE_FLINGER
02-01 15:10:33.994   642   642 E SurfaceFlinger: Attempt to update InputPolicyFlags without permission ACCESS_SURFACE_FLINGER
02-01 15:10:34.027   642   642 E SurfaceFlinger: Attempt to update InputPolicyFlags without permission ACCESS_SURFACE_FLINGER
02-01 15:10:34.077   642   642 E SurfaceFlinger: Attempt to update InputPolicyFlags without permission ACCESS_SURFACE_FLINGER
02-01 15:10:34.111   642   642 E SurfaceFlinger: Attempt to update InputPolicyFlags without permission ACCESS_SURFACE_FLINGER
02-01 15:10:34.147   642   642 E SurfaceFlinger: Attempt to update InputPolicyFlags without permission ACCESS_SURFACE_FLINGER
02-01 15:10:34.194   642   642 E SurfaceFlinger: Attempt to update InputPolicyFlags without permission ACCESS_SURFACE_FLINGER
02-01 15:10:34.227   642   642 E SurfaceFlinger: Attempt to update InputPolicyFlags without permission ACCESS_SURFACE_FLINGER
02-01 15:10:34.278   642   642 E SurfaceFlinger: Attempt to update InputPolicyFlags without permission ACCESS_SURFACE_FLINGER
02-01 15:10:34.311   642   642 E SurfaceFlinger: Attempt to update InputPolicyFlags without permission ACCESS_SURFACE_FLINGER
02-01 15:10:34.348   642   642 E SurfaceFlinger: Attempt to update InputPolicyFlags without permission ACCESS_SURFACE_FLINGER
02-01 15:10:34.394   642   642 E SurfaceFlinger: Attempt to update InputPolicyFlags without permission ACCESS_SURFACE_FLINGER
02-01 15:10:34.428   642   642 E SurfaceFlinger: Attempt to update InputPolicyFlags without permission ACCESS_SURFACE_FLINGER
02-01 15:10:34.478   642   642 E SurfaceFlinger: Attempt to update InputPolicyFlags without permission ACCESS_SURFACE_FLINGER
02-01 15:10:34.511   642   642 E SurfaceFlinger: Attempt to update InputPolicyFlags without permission ACCESS_SURFACE_FLINGER
02-01 15:10:34.545   642   642 E SurfaceFlinger: Attempt to update InputPolicyFlags without permission ACCESS_SURFACE_FLINGER
02-01 15:10:34.594   642   642 E SurfaceFlinger: Attempt to update InputPolicyFlags without permission ACCESS_SURFACE_FLINGER
02-01 15:10:34.628   642   642 E SurfaceFlinger: Attempt to update InputPolicyFlags without permission ACCESS_SURFACE_FLINGER
02-01 15:10:34.678   642   642 E SurfaceFlinger: Attempt to update InputPolicyFlags without permission ACCESS_SURFACE_FLINGER
02-01 15:10:34.711   642   642 E SurfaceFlinger: Attempt to update InputPolicyFlags without permission ACCESS_SURFACE_FLINGER
02-01 15:10:34.745   642   642 E SurfaceFlinger: Attempt to update InputPolicyFlags without permission ACCESS_SURFACE_FLINGER
02-01 15:10:34.795   642   642 E SurfaceFlinger: Attempt to update InputPolicyFlags without permission ACCESS_SURFACE_FLINGER
02-01 15:10:34.828   642   642 E SurfaceFlinger: Attempt to update InputPolicyFlags without permission ACCESS_SURFACE_FLINGER
02-01 15:10:34.878   642   642 E SurfaceFlinger: Attempt to update InputPolicyFlags without permission ACCESS_SURFACE_FLINGER
02-01 15:10:34.911   642   642 E SurfaceFlinger: Attempt to update InputPolicyFlags without permission ACCESS_SURFACE_FLINGER
02-01 15:10:34.945   642   642 E SurfaceFlinger: Attempt to update InputPolicyFlags without permission ACCESS_SURFACE_FLINGER
02-01 15:10:34.995   642   642 E SurfaceFlinger: Attempt to update InputPolicyFlags without permission ACCESS_SURFACE_FLINGER
02-01 15:10:35.028   642   642 E SurfaceFlinger: Attempt to update InputPolicyFlags without permission ACCESS_SURFACE_FLINGER
02-01 15:10:35.078   642   642 E SurfaceFlinger: Attempt to update InputPolicyFlags without permission ACCESS_SURFACE_FLINGER
02-01 15:10:35.112   642   642 E SurfaceFlinger: Attempt to update InputPolicyFlags without permission ACCESS_SURFACE_FLINGER
02-01 15:10:35.145   642   642 E SurfaceFlinger: Attempt to update InputPolicyFlags without permission ACCESS_SURFACE_FLINGER
02-01 15:10:35.195   642   642 E SurfaceFlinger: Attempt to update InputPolicyFlags without permission ACCESS_SURFACE_FLINGER
02-01 15:10:35.228   642   642 E SurfaceFlinger: Attempt to update InputPolicyFlags without permission ACCESS_SURFACE_FLINGER
02-01 15:10:35.279   642   642 E SurfaceFlinger: Attempt to update InputPolicyFlags without permission ACCESS_SURFACE_FLINGER
02-01 15:10:35.312   642   642 E SurfaceFlinger: Attempt to update InputPolicyFlags without permission ACCESS_SURFACE_FLINGER
02-01 15:10:35.345   642   642 E SurfaceFlinger: Attempt to update InputPolicyFlags without permission ACCESS_SURFACE_FLINGER
02-01 15:10:35.395   642   642 E SurfaceFlinger: Attempt to update InputPolicyFlags without permission ACCESS_SURFACE_FLINGER
02-01 15:10:35.429   642   642 E SurfaceFlinger: Attempt to update InputPolicyFlags without permission ACCESS_SURFACE_FLINGER
02-01 15:10:35.479   642   642 E SurfaceFlinger: Attempt to update InputPolicyFlags without permission ACCESS_SURFACE_FLINGER
02-01 15:10:35.512   642   642 E SurfaceFlinger: Attempt to update InputPolicyFlags without permission ACCESS_SURFACE_FLINGER
02-01 15:10:35.545   642   642 E SurfaceFlinger: Attempt to update InputPolicyFlags without permission ACCESS_SURFACE_FLINGER
02-01 15:10:35.596   642   642 E SurfaceFlinger: Attempt to update InputPolicyFlags without permission ACCESS_SURFACE_FLINGER
02-01 15:10:35.629   642   642 E SurfaceFlinger: Attempt to update InputPolicyFlags without permission ACCESS_SURFACE_FLINGER
02-01 15:10:35.679   642   642 E SurfaceFlinger: Attempt to update InputPolicyFlags without permission ACCESS_SURFACE_FLINGER
02-01 15:10:35.712   642   642 E SurfaceFlinger: Attempt to update InputPolicyFlags without permission ACCESS_SURFACE_FLINGER
02-01 15:10:35.746   642   642 E SurfaceFlinger: Attempt to update InputPolicyFlags without permission ACCESS_SURFACE_FLINGER
02-01 15:10:35.796   642   642 E SurfaceFlinger: Attempt to update InputPolicyFlags without permission ACCESS_SURFACE_FLINGER
02-01 15:10:35.830   642   642 E SurfaceFlinger: Attempt to update InputPolicyFlags without permission ACCESS_SURFACE_FLINGER
02-01 15:10:35.879   642   642 E SurfaceFlinger: Attempt to update InputPolicyFlags without permission ACCESS_SURFACE_FLINGER
02-01 15:10:35.913   642   642 E SurfaceFlinger: Attempt to update InputPolicyFlags without permission ACCESS_SURFACE_FLINGER
02-01 15:10:35.946   642   642 E SurfaceFlinger: Attempt to update InputPolicyFlags without permission ACCESS_SURFACE_FLINGER
02-01 15:10:35.996   642   642 E SurfaceFlinger: Attempt to update InputPolicyFlags without permission ACCESS_SURFACE_FLINGER
02-01 15:10:36.030   642   642 E SurfaceFlinger: Attempt to update InputPolicyFlags without permission ACCESS_SURFACE_FLINGER
02-01 15:10:36.080   642   642 E SurfaceFlinger: Attempt to update InputPolicyFlags without permission ACCESS_SURFACE_FLINGER
02-01 15:10:36.113   642   642 E SurfaceFlinger: Attempt to update InputPolicyFlags without permission ACCESS_SURFACE_FLINGER
02-01 15:10:36.113   642   642 E SurfaceFlinger: Attempt to update InputPolicyFlags without permission ACCESS_SURFACE_FLINGER
02-01 15:10:36.118   545   551 E statsd  : Predicate -7037417284711607308 dropping data for dimension key (10)0x2010101->10438[I] (10)0x30000->*launch*[S] 
02-01 15:10:36.119   545   551 E statsd  : Predicate 5980654721335871649 dropping data for dimension key (10)0x2010101->10438[I] (10)0x30000->*launch*[S] 
02-01 15:10:36.146   642   642 E SurfaceFlinger: Attempt to update InputPolicyFlags without permission ACCESS_SURFACE_FLINGER
02-01 15:10:36.147   642   642 E SurfaceFlinger: Attempt to update InputPolicyFlags without permission ACCESS_SURFACE_FLINGER
02-01 15:10:36.163   642   642 E SurfaceFlinger: Attempt to update InputPolicyFlags without permission ACCESS_SURFACE_FLINGER
02-01 15:10:36.170 16972  5346 E TrafficController: FREECESS
02-01 15:10:36.180   642   642 E SurfaceFlinger: Attempt to update InputPolicyFlags without permission ACCESS_SURFACE_FLINGER
02-01 15:10:36.196   642   642 E SurfaceFlinger: Attempt to update InputPolicyFlags without permission ACCESS_SURFACE_FLINGER
02-01 15:10:36.197   642   642 E SurfaceFlinger: Attempt to update InputPolicyFlags without permission ACCESS_SURFACE_FLINGER
02-01 15:10:36.213   642   642 E SurfaceFlinger: Attempt to update InputPolicyFlags without permission ACCESS_SURFACE_FLINGER
02-01 15:10:36.230   642   642 E SurfaceFlinger: Attempt to update InputPolicyFlags without permission ACCESS_SURFACE_FLINGER
02-01 15:10:36.230   642   642 E SurfaceFlinger: Attempt to update InputPolicyFlags without permission ACCESS_SURFACE_FLINGER
02-01 15:10:36.246   642   642 E SurfaceFlinger: Attempt to update InputPolicyFlags without permission ACCESS_SURFACE_FLINGER
02-01 15:10:36.263   642   642 E SurfaceFlinger: Attempt to update InputPolicyFlags without permission ACCESS_SURFACE_FLINGER
02-01 15:10:36.280   642   642 E SurfaceFlinger: Attempt to update InputPolicyFlags without permission ACCESS_SURFACE_FLINGER
02-01 15:10:36.280   642   642 E SurfaceFlinger: Attempt to update InputPolicyFlags without permission ACCESS_SURFACE_FLINGER
02-01 15:10:36.296   642   642 E SurfaceFlinger: Attempt to update InputPolicyFlags without permission ACCESS_SURFACE_FLINGER
02-01 15:10:36.313   642   642 E SurfaceFlinger: Attempt to update InputPolicyFlags without permission ACCESS_SURFACE_FLINGER
02-01 15:10:36.313   642   642 E SurfaceFlinger: Attempt to update InputPolicyFlags without permission ACCESS_SURFACE_FLINGER
02-01 15:10:36.330   642   642 E SurfaceFlinger: Attempt to update InputPolicyFlags without permission ACCESS_SURFACE_FLINGER
02-01 15:10:36.347   642   642 E SurfaceFlinger: Attempt to update InputPolicyFlags without permission ACCESS_SURFACE_FLINGER
02-01 15:10:36.347   642   642 E SurfaceFlinger: Attempt to update InputPolicyFlags without permission ACCESS_SURFACE_FLINGER
02-01 15:10:36.396   642   642 E SurfaceFlinger: Attempt to update InputPolicyFlags without permission ACCESS_SURFACE_FLINGER
02-01 15:10:36.430   642   642 E SurfaceFlinger: Attempt to update InputPolicyFlags without permission ACCESS_SURFACE_FLINGER
02-01 15:10:36.480   642   642 E SurfaceFlinger: Attempt to update InputPolicyFlags without permission ACCESS_SURFACE_FLINGER
02-01 15:10:36.513   642   642 E SurfaceFlinger: Attempt to update InputPolicyFlags without permission ACCESS_SURFACE_FLINGER
02-01 15:10:36.547   642   642 E SurfaceFlinger: Attempt to update InputPolicyFlags without permission ACCESS_SURFACE_FLINGER
02-01 15:10:36.598   642   642 E SurfaceFlinger: Attempt to update InputPolicyFlags without permission ACCESS_SURFACE_FLINGER
02-01 15:10:36.613   642   642 E SurfaceFlinger: Attempt to update InputPolicyFlags without permission ACCESS_SURFACE_FLINGER
02-01 15:10:36.630   642   642 E SurfaceFlinger: Attempt to update InputPolicyFlags without permission ACCESS_SURFACE_FLINGER
02-01 15:10:36.638  2584  2584 E pageboostd: Received HALT command code 2
02-01 15:10:36.641 31537 31537 D PdfViewerActivity: English TTS fallback ready
02-01 15:10:36.680   642   642 E SurfaceFlinger: Attempt to update InputPolicyFlags without permission ACCESS_SURFACE_FLINGER
02-01 15:10:36.714   642   642 E SurfaceFlinger: Attempt to update InputPolicyFlags without permission ACCESS_SURFACE_FLINGER
02-01 15:10:36.747   642   642 E SurfaceFlinger: Attempt to update InputPolicyFlags without permission ACCESS_SURFACE_FLINGER
02-01 15:10:36.764   642   642 E SurfaceFlinger: Attempt to update InputPolicyFlags without permission ACCESS_SURFACE_FLINGER
02-01 15:10:36.764   642   642 E SurfaceFlinger: Attempt to update InputPolicyFlags without permission ACCESS_SURFACE_FLINGER
02-01 15:10:36.780   642   642 E SurfaceFlinger: Attempt to update InputPolicyFlags without permission ACCESS_SURFACE_FLINGER
02-01 15:10:36.797   642   642 E SurfaceFlinger: Attempt to update InputPolicyFlags without permission ACCESS_SURFACE_FLINGER
02-01 15:10:36.797   642   642 E SurfaceFlinger: Attempt to update InputPolicyFlags without permission ACCESS_SURFACE_FLINGER
02-01 15:10:36.813   642   642 E SurfaceFlinger: Attempt to update InputPolicyFlags without permission ACCESS_SURFACE_FLINGER
02-01 15:10:36.830   642   642 E SurfaceFlinger: Attempt to update InputPolicyFlags without permission ACCESS_SURFACE_FLINGER
02-01 15:10:36.830   642   642 E SurfaceFlinger: Attempt to update InputPolicyFlags without permission ACCESS_SURFACE_FLINGER
02-01 15:10:36.830   642   642 E SurfaceFlinger: Attempt to update InputPolicyFlags without permission ACCESS_SURFACE_FLINGER
02-01 15:10:36.847   642   642 E SurfaceFlinger: Attempt to update InputPolicyFlags without permission ACCESS_SURFACE_FLINGER
02-01 15:10:36.863   642   642 E SurfaceFlinger: Attempt to update InputPolicyFlags without permission ACCESS_SURFACE_FLINGER
02-01 15:10:36.864   642   642 E SurfaceFlinger: Attempt to update InputPolicyFlags without permission ACCESS_SURFACE_FLINGER
02-01 15:10:36.863   545   551 E statsd  : Predicate -7037417284711607308 dropping data for dimension key (10)0x2010101->10438[I] (10)0x30000->*launch*[S] 
02-01 15:10:36.865   545   551 E statsd  : Predicate 5980654721335871649 dropping data for dimension key (10)0x2010101->10438[I] (10)0x30000->*launch*[S] 
02-01 15:10:36.880   642   642 E SurfaceFlinger: Attempt to update InputPolicyFlags without permission ACCESS_SURFACE_FLINGER
02-01 15:10:36.881   642   642 E SurfaceFlinger: Attempt to update InputPolicyFlags without permission ACCESS_SURFACE_FLINGER
02-01 15:10:36.897   642   642 E SurfaceFlinger: Attempt to update InputPolicyFlags without permission ACCESS_SURFACE_FLINGER
02-01 15:10:36.914   642   642 E SurfaceFlinger: Attempt to update InputPolicyFlags without permission ACCESS_SURFACE_FLINGER
02-01 15:10:36.914   642   642 E SurfaceFlinger: Attempt to update InputPolicyFlags without permission ACCESS_SURFACE_FLINGER
02-01 15:10:36.930   642   642 E SurfaceFlinger: Attempt to update InputPolicyFlags without permission ACCESS_SURFACE_FLINGER
02-01 15:10:36.947   642   642 E SurfaceFlinger: Attempt to update InputPolicyFlags without permission ACCESS_SURFACE_FLINGER
02-01 15:10:36.947   642   642 E SurfaceFlinger: Attempt to update InputPolicyFlags without permission ACCESS_SURFACE_FLINGER
02-01 15:10:36.964   642   642 E SurfaceFlinger: Attempt to update InputPolicyFlags without permission ACCESS_SURFACE_FLINGER
02-01 15:10:36.981   642   642 E SurfaceFlinger: Attempt to update InputPolicyFlags without permission ACCESS_SURFACE_FLINGER
02-01 15:10:36.997   642   642 E SurfaceFlinger: Attempt to update InputPolicyFlags without permission ACCESS_SURFACE_FLINGER
02-01 15:10:36.998   642   642 E SurfaceFlinger: Attempt to update InputPolicyFlags without permission ACCESS_SURFACE_FLINGER
02-01 15:10:37.014   642   642 E SurfaceFlinger: Attempt to update InputPolicyFlags without permission ACCESS_SURFACE_FLINGER
02-01 15:10:37.031   642   642 E SurfaceFlinger: Attempt to update InputPolicyFlags without permission ACCESS_SURFACE_FLINGER
02-01 15:10:37.031   642   642 E SurfaceFlinger: Attempt to update InputPolicyFlags without permission ACCESS_SURFACE_FLINGER
02-01 15:10:37.048   642   642 E SurfaceFlinger: Attempt to update InputPolicyFlags without permission ACCESS_SURFACE_FLINGER
02-01 15:10:37.064   642   642 E SurfaceFlinger: Attempt to update InputPolicyFlags without permission ACCESS_SURFACE_FLINGER
02-01 15:10:37.082   642   642 E SurfaceFlinger: Attempt to update InputPolicyFlags without permission ACCESS_SURFACE_FLINGER
02-01 15:10:37.097   642   642 E SurfaceFlinger: Attempt to update InputPolicyFlags without permission ACCESS_SURFACE_FLINGER
02-01 15:10:37.114   642   642 E SurfaceFlinger: Attempt to update InputPolicyFlags without permission ACCESS_SURFACE_FLINGER
02-01 15:10:37.140 25245 25266 E DrmMediaResourceHelper: onRemove making Dpdrm to 0 second point 
02-01 15:10:37.144 25245 25266 E DrmManagerClient: DRM_DISPLAYPORT_DISABLE
02-01 15:10:37.234 17111 18071 E WindowManager: win=Window{a29ff7e u0 com.swamisachidanand/com.swamisachidanand.MainActivity} destroySurfaces: appStopped=true win.mWindowRemovalAllowed=false win.mRemoveOnExit=false win.mViewVisibility=8 caller=com.android.server.wm.ActivityRecord.destroySurfaces:5848 com.android.server.wm.ActivityRecord.destroySurfaces:5829 com.android.server.wm.ActivityRecord.notifyAppStopped:5893 com.android.server.wm.ActivityRecord.activityStopped:6519 com.android.server.wm.ActivityClientController.activityStopped:253 android.app.IActivityClientController$Stub.onTransact:596 com.android.server.wm.ActivityClientController.onTransact:129 
02-01 15:10:37.247   642   642 E SurfaceFlinger: Attempt to update InputPolicyFlags without permission ACCESS_SURFACE_FLINGER
02-01 15:10:37.265   642   642 E SurfaceFlinger: Attempt to update InputPolicyFlags without permission ACCESS_SURFACE_FLINGER
02-01 15:10:37.297   545   551 E statsd  : Predicate -7037417284711607308 dropping data for dimension key (10)0x2010101->10438[I] (10)0x30000->AudioMix[S] 
02-01 15:10:37.297   545   551 E statsd  : Predicate 5980654721335871649 dropping data for dimension key (10)0x2010101->10438[I] (10)0x30000->AudioMix[S] 
02-01 15:10:37.430   573   573 E Sensors : AutoRotation::inject_sensor_data: size 31
02-01 15:10:39.122 17111 18705 E TaskPersister: File error accessing recents directory (directory doesn't exist?).
02-01 15:10:39.122 17111 18705 E TaskPersister: File error accessing recents directory (directory doesn't exist?).
02-01 15:10:39.122 17111 18705 E TaskPersister: File error accessing recents directory (directory doesn't exist?).
02-01 15:10:39.122 17111 18705 E TaskPersister: File error accessing recents directory (directory doesn't exist?).
02-01 15:10:39.122 17111 18705 E TaskPersister: File error accessing recents directory (directory doesn't exist?).
02-01 15:10:39.801   642   642 E SurfaceFlinger: Attempt to update InputPolicyFlags without permission ACCESS_SURFACE_FLINGER
02-01 15:10:39.818   642   642 E SurfaceFlinger: Attempt to update InputPolicyFlags without permission ACCESS_SURFACE_FLINGER
02-01 15:10:40.080   528   528 E audit   : type=1400 audit(1769938840.073:69624): avc:  denied  { write } for  pid=18519 comm="ThreadPoolForeg" name="traced_producer" dev="tmpfs" ino=12628 scontext=u:r:gmscore_app:s0:c512,c768 tcontext=u:object_r:traced_producer_socket:s0 tclass=sock_file permissive=0 SEPF_SM-N975F_12_0001 audit_filtered
02-01 15:10:40.080   528   528 E audit   : type=1300 audit(1769938840.073:69624): arch=c00000b7 syscall=203 success=no exit=-13 a0=7b a1=729e179f40 a2=1e a3=ffffffff96824fd5 items=0 ppid=16968 pid=18519 auid=4294967295 uid=10078 gid=10078 euid=10078 suid=10078 fsuid=10078 egid=10078 sgid=10078 fsgid=10078 tty=(none) ses=4294967295 comm="ThreadPoolForeg" exe="/system/bin/app_process64" subj=u:r:gmscore_app:s0:c512,c768 key=(null)
02-01 15:10:40.080   528   528 E audit   : type=1327 audit(1769938840.073:69624): proctitle="com.google.android.gms.persistent"
adb : adb server version (41) doesn't match this client (40); killing...
At C:\Users\davea\AppData\Local\Temp\ps-script-59c851cf-1951-4d14-91e3-1f707333e804.ps1:78 char:11
+ cd f:\ss; adb logcat -d -t 3000 *:E AndroidRuntime:E PdfViewerActivit ...
+           ~~~~~~~~~~~~~~~~~~~~~~~~~~~~~~~~~~~~~~~~~~~~~~~~~~~~~~~~~~~
    + CategoryInfo          : NotSpecified: (adb server vers...40); killing...:String) [], RemoteException
    + FullyQualifiedErrorId : NativeCommandError
 
* daemon started successfully
